[0.007s] Invoking command in '/home/goln/SimpleSysIDV/build/avs_perception': CMAKE_PREFIX_PATH=${CMAKE_PREFIX_PATH}:/home/goln/JetbotRos2_ws/install/yolo_demo:/home/goln/JetbotRos2_ws/install/pkg_param:/home/goln/JetbotRos2_ws/install/pkg_action:/home/goln/JetbotRos2_ws/install/learn_launch:/opt/ros/humble /usr/bin/cmake /home/goln/SimpleSysIDV/ros2_ws/src/avs_perception -DCMAKE_INSTALL_PREFIX=/home/goln/SimpleSysIDV/install/avs_perception
[0.146s] -- The C compiler identification is GNU 11.4.0
[0.189s] -- The CXX compiler identification is GNU 11.4.0
[0.199s] -- Detecting C compiler ABI info
[0.253s] -- Detecting C compiler ABI info - done
[0.258s] -- Check for working C compiler: /usr/bin/cc - skipped
[0.258s] -- Detecting C compile features
[0.259s] -- Detecting C compile features - done
[0.262s] -- Detecting CXX compiler ABI info
[0.316s] -- Detecting CXX compiler ABI info - done
[0.323s] -- Check for working CXX compiler: /usr/bin/c++ - skipped
[0.323s] -- Detecting CXX compile features
[0.324s] -- Detecting CXX compile features - done
[0.324s] -- AVS: Release build — Generic/x86_64 optimizations ENABLED (-O3)
[0.335s] -- Found ament_cmake: 1.3.14 (/opt/ros/humble/share/ament_cmake/cmake)
[0.611s] -- Found Python3: /usr/bin/python3 (found version "3.10.12") found components: Interpreter 
[0.705s] -- Found rclcpp: 16.0.19 (/opt/ros/humble/share/rclcpp/cmake)
[0.757s] -- Found rosidl_generator_c: 3.1.8 (/opt/ros/humble/share/rosidl_generator_c/cmake)
[0.763s] -- Found rosidl_adapter: 3.1.8 (/opt/ros/humble/share/rosidl_adapter/cmake)
[0.772s] -- Found rosidl_generator_cpp: 3.1.8 (/opt/ros/humble/share/rosidl_generator_cpp/cmake)
[0.786s] -- Using all available rosidl_typesupport_c: rosidl_typesupport_fastrtps_c;rosidl_typesupport_introspection_c
[0.802s] -- Using all available rosidl_typesupport_cpp: rosidl_typesupport_fastrtps_cpp;rosidl_typesupport_introspection_cpp
[0.850s] -- Found rmw_implementation_cmake: 6.1.2 (/opt/ros/humble/share/rmw_implementation_cmake/cmake)
[0.854s] -- Found rmw_fastrtps_cpp: 6.2.10 (/opt/ros/humble/share/rmw_fastrtps_cpp/cmake)
[0.937s] -- Found OpenSSL: /usr/lib/x86_64-linux-gnu/libcrypto.so (found version "3.0.2")  
[0.961s] -- Found FastRTPS: /opt/ros/humble/include  
[0.992s] -- Using RMW implementation 'rmw_fastrtps_cpp' as default
[1.002s] -- Looking for pthread.h
[1.056s] -- Looking for pthread.h - found
[1.056s] -- Performing Test CMAKE_HAVE_LIBC_PTHREAD
[1.112s] -- Performing Test CMAKE_HAVE_LIBC_PTHREAD - Success
[1.113s] -- Found Threads: TRUE  
[1.169s] -- Found sensor_msgs: 4.9.1 (/opt/ros/humble/share/sensor_msgs/cmake)
[1.202s] -- Found nav_msgs: 4.9.1 (/opt/ros/humble/share/nav_msgs/cmake)
[1.218s] -- Found cv_bridge: 3.2.1 (/opt/ros/humble/share/cv_bridge/cmake)
[1.232s] -- Found image_transport: 3.1.12 (/opt/ros/humble/share/image_transport/cmake)
[1.270s] -- Found OpenCV: /usr (found version "4.5.4") 
[1.447s] -- Found OpenMP_C: -fopenmp (found version "4.5") 
[1.506s] -- Found OpenMP_CXX: -fopenmp (found version "4.5") 
[1.506s] -- Found OpenMP: TRUE (found version "4.5")  
[1.507s] -- Found ncnn: 20260605
[1.560s] -- Configuring done
[1.584s] -- Generating done
[1.592s] -- Build files have been written to: /home/goln/SimpleSysIDV/build/avs_perception
[1.602s] Invoked command in '/home/goln/SimpleSysIDV/build/avs_perception' returned '0': CMAKE_PREFIX_PATH=${CMAKE_PREFIX_PATH}:/home/goln/JetbotRos2_ws/install/yolo_demo:/home/goln/JetbotRos2_ws/install/pkg_param:/home/goln/JetbotRos2_ws/install/pkg_action:/home/goln/JetbotRos2_ws/install/learn_launch:/opt/ros/humble /usr/bin/cmake /home/goln/SimpleSysIDV/ros2_ws/src/avs_perception -DCMAKE_INSTALL_PREFIX=/home/goln/SimpleSysIDV/install/avs_perception
[1.602s] Invoking command in '/home/goln/SimpleSysIDV/build/avs_perception': CMAKE_PREFIX_PATH=${CMAKE_PREFIX_PATH}:/home/goln/JetbotRos2_ws/install/yolo_demo:/home/goln/JetbotRos2_ws/install/pkg_param:/home/goln/JetbotRos2_ws/install/pkg_action:/home/goln/JetbotRos2_ws/install/learn_launch:/opt/ros/humble /usr/bin/cmake --build /home/goln/SimpleSysIDV/build/avs_perception -- -j12 -l12
[1.638s] [ 33%] [32mBuilding CXX object CMakeFiles/yolo26_seg_lib.dir/src/yolo26_seg.cpp.o[0m
[1.638s] [ 33%] [32mBuilding CXX object CMakeFiles/ipm_transform_node.dir/src/ipm_transform_node.cpp.o[0m
[1.638s] [ 33%] [32mBuilding CXX object CMakeFiles/video_publisher_node.dir/src/video_publisher_node.cpp.o[0m
[1.638s] [ 33%] [32mBuilding CXX object CMakeFiles/control_node.dir/src/control_node.cpp.o[0m
[3.459s] [ 41%] [32m[1mLinking CXX static library libyolo26_seg_lib.a[0m
[3.860s] [ 41%] Built target yolo26_seg_lib
[3.877s] [ 58%] [32mBuilding CXX object CMakeFiles/ncnn_inference_node.dir/src/ncnn_inference_node.cpp.o[0m
[3.877s] [ 58%] [32mBuilding CXX object CMakeFiles/video_test_node.dir/src/video_test_node.cpp.o[0m
[8.511s] [ 66%] [32m[1mLinking CXX executable video_test_node[0m
[8.561s] [ 75%] [32m[1mLinking CXX executable video_publisher_node[0m
[9.321s] [ 75%] Built target video_publisher_node
[9.342s] [ 75%] Built target video_test_node
[15.602s] [ 83%] [32m[1mLinking CXX executable ncnn_inference_node[0m
[15.955s] [ 83%] Built target ncnn_inference_node
[17.415s] [ 91%] [32m[1mLinking CXX executable control_node[0m
[17.537s] [ 91%] Built target control_node
[20.639s] [100%] [32m[1mLinking CXX executable ipm_transform_node[0m
[20.803s] [100%] Built target ipm_transform_node
[20.811s] Invoked command in '/home/goln/SimpleSysIDV/build/avs_perception' returned '0': CMAKE_PREFIX_PATH=${CMAKE_PREFIX_PATH}:/home/goln/JetbotRos2_ws/install/yolo_demo:/home/goln/JetbotRos2_ws/install/pkg_param:/home/goln/JetbotRos2_ws/install/pkg_action:/home/goln/JetbotRos2_ws/install/learn_launch:/opt/ros/humble /usr/bin/cmake --build /home/goln/SimpleSysIDV/build/avs_perception -- -j12 -l12
[20.819s] Invoking command in '/home/goln/SimpleSysIDV/build/avs_perception': CMAKE_PREFIX_PATH=${CMAKE_PREFIX_PATH}:/home/goln/JetbotRos2_ws/install/yolo_demo:/home/goln/JetbotRos2_ws/install/pkg_param:/home/goln/JetbotRos2_ws/install/pkg_action:/home/goln/JetbotRos2_ws/install/learn_launch:/opt/ros/humble /usr/bin/cmake --install /home/goln/SimpleSysIDV/build/avs_perception
[20.824s] -- Install configuration: "Release"
[20.824s] -- Installing: /home/goln/SimpleSysIDV/install/avs_perception/lib/avs_perception/libyolo26_seg_lib.a
[20.824s] -- Installing: /home/goln/SimpleSysIDV/install/avs_perception/lib/avs_perception/ncnn_inference_node
[20.825s] -- Set runtime path of "/home/goln/SimpleSysIDV/install/avs_perception/lib/avs_perception/ncnn_inference_node" to ""
[20.825s] -- Installing: /home/goln/SimpleSysIDV/install/avs_perception/lib/avs_perception/video_test_node
[20.825s] -- Set runtime path of "/home/goln/SimpleSysIDV/install/avs_perception/lib/avs_perception/video_test_node" to ""
[20.825s] -- Installing: /home/goln/SimpleSysIDV/install/avs_perception/lib/avs_perception/video_publisher_node
[20.825s] -- Set runtime path of "/home/goln/SimpleSysIDV/install/avs_perception/lib/avs_perception/video_publisher_node" to ""
[20.825s] -- Installing: /home/goln/SimpleSysIDV/install/avs_perception/lib/avs_perception/ipm_transform_node
[20.826s] -- Set runtime path of "/home/goln/SimpleSysIDV/install/avs_perception/lib/avs_perception/ipm_transform_node" to ""
[20.826s] -- Installing: /home/goln/SimpleSysIDV/install/avs_perception/lib/avs_perception/control_node
[20.827s] -- Set runtime path of "/home/goln/SimpleSysIDV/install/avs_perception/lib/avs_perception/control_node" to ""
[20.827s] -- Installing: /home/goln/SimpleSysIDV/install/avs_perception/share/avs_perception/launch
[20.827s] -- Installing: /home/goln/SimpleSysIDV/install/avs_perception/share/avs_perception/launch/perception.launch.py
[20.827s] -- Installing: /home/goln/SimpleSysIDV/install/avs_perception/share/ament_index/resource_index/package_run_dependencies/avs_perception
[20.827s] -- Installing: /home/goln/SimpleSysIDV/install/avs_perception/share/ament_index/resource_index/parent_prefix_path/avs_perception
[20.827s] -- Installing: /home/goln/SimpleSysIDV/install/avs_perception/share/avs_perception/environment/ament_prefix_path.sh
[20.827s] -- Installing: /home/goln/SimpleSysIDV/install/avs_perception/share/avs_perception/environment/ament_prefix_path.dsv
[20.827s] -- Installing: /home/goln/SimpleSysIDV/install/avs_perception/share/avs_perception/environment/path.sh
[20.827s] -- Installing: /home/goln/SimpleSysIDV/install/avs_perception/share/avs_perception/environment/path.dsv
[20.827s] -- Installing: /home/goln/SimpleSysIDV/install/avs_perception/share/avs_perception/local_setup.bash
[20.827s] -- Installing: /home/goln/SimpleSysIDV/install/avs_perception/share/avs_perception/local_setup.sh
[20.828s] -- Installing: /home/goln/SimpleSysIDV/install/avs_perception/share/avs_perception/local_setup.zsh
[20.828s] -- Installing: /home/goln/SimpleSysIDV/install/avs_perception/share/avs_perception/local_setup.dsv
[20.828s] -- Installing: /home/goln/SimpleSysIDV/install/avs_perception/share/avs_perception/package.dsv
[20.828s] -- Installing: /home/goln/SimpleSysIDV/install/avs_perception/share/ament_index/resource_index/packages/avs_perception
[20.828s] -- Installing: /home/goln/SimpleSysIDV/install/avs_perception/share/avs_perception/cmake/avs_perceptionConfig.cmake
[20.828s] -- Installing: /home/goln/SimpleSysIDV/install/avs_perception/share/avs_perception/cmake/avs_perceptionConfig-version.cmake
[20.828s] -- Installing: /home/goln/SimpleSysIDV/install/avs_perception/share/avs_perception/package.xml
[20.829s] Invoked command in '/home/goln/SimpleSysIDV/build/avs_perception' returned '0': CMAKE_PREFIX_PATH=${CMAKE_PREFIX_PATH}:/home/goln/JetbotRos2_ws/install/yolo_demo:/home/goln/JetbotRos2_ws/install/pkg_param:/home/goln/JetbotRos2_ws/install/pkg_action:/home/goln/JetbotRos2_ws/install/learn_launch:/opt/ros/humble /usr/bin/cmake --install /home/goln/SimpleSysIDV/build/avs_perception
