[0.199s] DEBUG:colcon:Command line arguments: ['/usr/bin/colcon', 'build', '--packages-select', 'avs_perception']
[0.199s] DEBUG:colcon:Parsed command line arguments: Namespace(log_base=None, log_level=None, verb_name='build', build_base='build', install_base='install', merge_install=False, symlink_install=False, test_result_base=None, continue_on_error=False, executor='parallel', parallel_workers=12, event_handlers=None, ignore_user_meta=False, metas=['./colcon.meta'], base_paths=['.'], packages_ignore=None, packages_ignore_regex=None, paths=None, packages_up_to=None, packages_up_to_regex=None, packages_above=None, packages_above_and_dependencies=None, packages_above_depth=None, packages_select_by_dep=None, packages_skip_by_dep=None, packages_skip_up_to=None, packages_select_build_failed=False, packages_skip_build_finished=False, packages_select_test_failures=False, packages_skip_test_passed=False, packages_select=['avs_perception'], packages_skip=None, packages_select_regex=None, packages_skip_regex=None, packages_start=None, packages_end=None, allow_overriding=[], cmake_args=None, cmake_target=None, cmake_target_skip_unavailable=False, cmake_clean_cache=False, cmake_clean_first=False, cmake_force_configure=False, ament_cmake_args=None, catkin_cmake_args=None, catkin_skip_building_tests=False, verb_parser=<colcon_defaults.argument_parser.defaults.DefaultArgumentsDecorator object at 0x7a3cea755060>, verb_extension=<colcon_core.verb.build.BuildVerb object at 0x7a3cea754b50>, main=<bound method BuildVerb.main of <colcon_core.verb.build.BuildVerb object at 0x7a3cea754b50>>)
[0.227s] Level 1:colcon.colcon_core.package_discovery:discover_packages(colcon_meta) check parameters
[0.227s] Level 1:colcon.colcon_core.package_discovery:discover_packages(recursive) check parameters
[0.227s] Level 1:colcon.colcon_core.package_discovery:discover_packages(ignore) check parameters
[0.227s] Level 1:colcon.colcon_core.package_discovery:discover_packages(path) check parameters
[0.227s] Level 1:colcon.colcon_core.package_discovery:discover_packages(colcon_meta) discover
[0.227s] Level 1:colcon.colcon_core.package_discovery:discover_packages(recursive) discover
[0.227s] INFO:colcon.colcon_core.package_discovery:Crawling recursively for packages in '/home/goln/SimpleSysIDV'
[0.227s] Level 1:colcon.colcon_core.package_identification:_identify(.) by extensions ['ignore', 'ignore_ament_install']
[0.227s] Level 1:colcon.colcon_core.package_identification:_identify(.) by extension 'ignore'
[0.227s] Level 1:colcon.colcon_core.package_identification:_identify(.) by extension 'ignore_ament_install'
[0.227s] Level 1:colcon.colcon_core.package_identification:_identify(.) by extensions ['colcon_pkg']
[0.227s] Level 1:colcon.colcon_core.package_identification:_identify(.) by extension 'colcon_pkg'
[0.227s] Level 1:colcon.colcon_core.package_identification:_identify(.) by extensions ['colcon_meta']
[0.228s] Level 1:colcon.colcon_core.package_identification:_identify(.) by extension 'colcon_meta'
[0.228s] Level 1:colcon.colcon_core.package_identification:_identify(.) by extensions ['ros']
[0.228s] Level 1:colcon.colcon_core.package_identification:_identify(.) by extension 'ros'
[0.237s] Level 1:colcon.colcon_core.package_identification:_identify(.) by extensions ['cmake', 'python']
[0.237s] Level 1:colcon.colcon_core.package_identification:_identify(.) by extension 'cmake'
[0.237s] Level 1:colcon.colcon_core.package_identification:_identify(.) by extension 'python'
[0.237s] Level 1:colcon.colcon_core.package_identification:_identify(.) by extensions ['python_setup_py']
[0.237s] Level 1:colcon.colcon_core.package_identification:_identify(.) by extension 'python_setup_py'
[0.237s] Level 1:colcon.colcon_core.package_identification:_identify(__pycache__) by extensions ['ignore', 'ignore_ament_install']
[0.237s] Level 1:colcon.colcon_core.package_identification:_identify(__pycache__) by extension 'ignore'
[0.237s] Level 1:colcon.colcon_core.package_identification:_identify(__pycache__) by extension 'ignore_ament_install'
[0.237s] Level 1:colcon.colcon_core.package_identification:_identify(__pycache__) by extensions ['colcon_pkg']
[0.237s] Level 1:colcon.colcon_core.package_identification:_identify(__pycache__) by extension 'colcon_pkg'
[0.238s] Level 1:colcon.colcon_core.package_identification:_identify(__pycache__) by extensions ['colcon_meta']
[0.238s] Level 1:colcon.colcon_core.package_identification:_identify(__pycache__) by extension 'colcon_meta'
[0.238s] Level 1:colcon.colcon_core.package_identification:_identify(__pycache__) by extensions ['ros']
[0.238s] Level 1:colcon.colcon_core.package_identification:_identify(__pycache__) by extension 'ros'
[0.238s] Level 1:colcon.colcon_core.package_identification:_identify(__pycache__) by extensions ['cmake', 'python']
[0.238s] Level 1:colcon.colcon_core.package_identification:_identify(__pycache__) by extension 'cmake'
[0.238s] Level 1:colcon.colcon_core.package_identification:_identify(__pycache__) by extension 'python'
[0.238s] Level 1:colcon.colcon_core.package_identification:_identify(__pycache__) by extensions ['python_setup_py']
[0.238s] Level 1:colcon.colcon_core.package_identification:_identify(__pycache__) by extension 'python_setup_py'
[0.238s] Level 1:colcon.colcon_core.package_identification:_identify(build) by extensions ['ignore', 'ignore_ament_install']
[0.238s] Level 1:colcon.colcon_core.package_identification:_identify(build) by extension 'ignore'
[0.238s] Level 1:colcon.colcon_core.package_identification:_identify(build) ignored
[0.238s] Level 1:colcon.colcon_core.package_identification:_identify(config) by extensions ['ignore', 'ignore_ament_install']
[0.238s] Level 1:colcon.colcon_core.package_identification:_identify(config) by extension 'ignore'
[0.238s] Level 1:colcon.colcon_core.package_identification:_identify(config) by extension 'ignore_ament_install'
[0.238s] Level 1:colcon.colcon_core.package_identification:_identify(config) by extensions ['colcon_pkg']
[0.238s] Level 1:colcon.colcon_core.package_identification:_identify(config) by extension 'colcon_pkg'
[0.238s] Level 1:colcon.colcon_core.package_identification:_identify(config) by extensions ['colcon_meta']
[0.238s] Level 1:colcon.colcon_core.package_identification:_identify(config) by extension 'colcon_meta'
[0.238s] Level 1:colcon.colcon_core.package_identification:_identify(config) by extensions ['ros']
[0.238s] Level 1:colcon.colcon_core.package_identification:_identify(config) by extension 'ros'
[0.238s] Level 1:colcon.colcon_core.package_identification:_identify(config) by extensions ['cmake', 'python']
[0.238s] Level 1:colcon.colcon_core.package_identification:_identify(config) by extension 'cmake'
[0.238s] Level 1:colcon.colcon_core.package_identification:_identify(config) by extension 'python'
[0.238s] Level 1:colcon.colcon_core.package_identification:_identify(config) by extensions ['python_setup_py']
[0.238s] Level 1:colcon.colcon_core.package_identification:_identify(config) by extension 'python_setup_py'
[0.238s] Level 1:colcon.colcon_core.package_identification:_identify(docker) by extensions ['ignore', 'ignore_ament_install']
[0.238s] Level 1:colcon.colcon_core.package_identification:_identify(docker) by extension 'ignore'
[0.238s] Level 1:colcon.colcon_core.package_identification:_identify(docker) by extension 'ignore_ament_install'
[0.238s] Level 1:colcon.colcon_core.package_identification:_identify(docker) by extensions ['colcon_pkg']
[0.238s] Level 1:colcon.colcon_core.package_identification:_identify(docker) by extension 'colcon_pkg'
[0.238s] Level 1:colcon.colcon_core.package_identification:_identify(docker) by extensions ['colcon_meta']
[0.238s] Level 1:colcon.colcon_core.package_identification:_identify(docker) by extension 'colcon_meta'
[0.238s] Level 1:colcon.colcon_core.package_identification:_identify(docker) by extensions ['ros']
[0.238s] Level 1:colcon.colcon_core.package_identification:_identify(docker) by extension 'ros'
[0.238s] Level 1:colcon.colcon_core.package_identification:_identify(docker) by extensions ['cmake', 'python']
[0.239s] Level 1:colcon.colcon_core.package_identification:_identify(docker) by extension 'cmake'
[0.239s] Level 1:colcon.colcon_core.package_identification:_identify(docker) by extension 'python'
[0.239s] Level 1:colcon.colcon_core.package_identification:_identify(docker) by extensions ['python_setup_py']
[0.239s] Level 1:colcon.colcon_core.package_identification:_identify(docker) by extension 'python_setup_py'
[0.239s] Level 1:colcon.colcon_core.package_identification:_identify(docs) by extensions ['ignore', 'ignore_ament_install']
[0.239s] Level 1:colcon.colcon_core.package_identification:_identify(docs) by extension 'ignore'
[0.239s] Level 1:colcon.colcon_core.package_identification:_identify(docs) by extension 'ignore_ament_install'
[0.239s] Level 1:colcon.colcon_core.package_identification:_identify(docs) by extensions ['colcon_pkg']
[0.239s] Level 1:colcon.colcon_core.package_identification:_identify(docs) by extension 'colcon_pkg'
[0.239s] Level 1:colcon.colcon_core.package_identification:_identify(docs) by extensions ['colcon_meta']
[0.239s] Level 1:colcon.colcon_core.package_identification:_identify(docs) by extension 'colcon_meta'
[0.239s] Level 1:colcon.colcon_core.package_identification:_identify(docs) by extensions ['ros']
[0.239s] Level 1:colcon.colcon_core.package_identification:_identify(docs) by extension 'ros'
[0.239s] Level 1:colcon.colcon_core.package_identification:_identify(docs) by extensions ['cmake', 'python']
[0.239s] Level 1:colcon.colcon_core.package_identification:_identify(docs) by extension 'cmake'
[0.239s] Level 1:colcon.colcon_core.package_identification:_identify(docs) by extension 'python'
[0.239s] Level 1:colcon.colcon_core.package_identification:_identify(docs) by extensions ['python_setup_py']
[0.239s] Level 1:colcon.colcon_core.package_identification:_identify(docs) by extension 'python_setup_py'
[0.239s] Level 1:colcon.colcon_core.package_identification:_identify(install) by extensions ['ignore', 'ignore_ament_install']
[0.239s] Level 1:colcon.colcon_core.package_identification:_identify(install) by extension 'ignore'
[0.239s] Level 1:colcon.colcon_core.package_identification:_identify(install) ignored
[0.239s] Level 1:colcon.colcon_core.package_identification:_identify(log) by extensions ['ignore', 'ignore_ament_install']
[0.239s] Level 1:colcon.colcon_core.package_identification:_identify(log) by extension 'ignore'
[0.239s] Level 1:colcon.colcon_core.package_identification:_identify(log) ignored
[0.239s] Level 1:colcon.colcon_core.package_identification:_identify(models) by extensions ['ignore', 'ignore_ament_install']
[0.239s] Level 1:colcon.colcon_core.package_identification:_identify(models) by extension 'ignore'
[0.239s] Level 1:colcon.colcon_core.package_identification:_identify(models) by extension 'ignore_ament_install'
[0.239s] Level 1:colcon.colcon_core.package_identification:_identify(models) by extensions ['colcon_pkg']
[0.239s] Level 1:colcon.colcon_core.package_identification:_identify(models) by extension 'colcon_pkg'
[0.239s] Level 1:colcon.colcon_core.package_identification:_identify(models) by extensions ['colcon_meta']
[0.239s] Level 1:colcon.colcon_core.package_identification:_identify(models) by extension 'colcon_meta'
[0.239s] Level 1:colcon.colcon_core.package_identification:_identify(models) by extensions ['ros']
[0.239s] Level 1:colcon.colcon_core.package_identification:_identify(models) by extension 'ros'
[0.239s] Level 1:colcon.colcon_core.package_identification:_identify(models) by extensions ['cmake', 'python']
[0.239s] Level 1:colcon.colcon_core.package_identification:_identify(models) by extension 'cmake'
[0.240s] Level 1:colcon.colcon_core.package_identification:_identify(models) by extension 'python'
[0.240s] Level 1:colcon.colcon_core.package_identification:_identify(models) by extensions ['python_setup_py']
[0.240s] Level 1:colcon.colcon_core.package_identification:_identify(models) by extension 'python_setup_py'
[0.240s] Level 1:colcon.colcon_core.package_identification:_identify(models/best_ncnn_model) by extensions ['ignore', 'ignore_ament_install']
[0.240s] Level 1:colcon.colcon_core.package_identification:_identify(models/best_ncnn_model) by extension 'ignore'
[0.240s] Level 1:colcon.colcon_core.package_identification:_identify(models/best_ncnn_model) by extension 'ignore_ament_install'
[0.240s] Level 1:colcon.colcon_core.package_identification:_identify(models/best_ncnn_model) by extensions ['colcon_pkg']
[0.240s] Level 1:colcon.colcon_core.package_identification:_identify(models/best_ncnn_model) by extension 'colcon_pkg'
[0.240s] Level 1:colcon.colcon_core.package_identification:_identify(models/best_ncnn_model) by extensions ['colcon_meta']
[0.240s] Level 1:colcon.colcon_core.package_identification:_identify(models/best_ncnn_model) by extension 'colcon_meta'
[0.240s] Level 1:colcon.colcon_core.package_identification:_identify(models/best_ncnn_model) by extensions ['ros']
[0.240s] Level 1:colcon.colcon_core.package_identification:_identify(models/best_ncnn_model) by extension 'ros'
[0.240s] Level 1:colcon.colcon_core.package_identification:_identify(models/best_ncnn_model) by extensions ['cmake', 'python']
[0.240s] Level 1:colcon.colcon_core.package_identification:_identify(models/best_ncnn_model) by extension 'cmake'
[0.240s] Level 1:colcon.colcon_core.package_identification:_identify(models/best_ncnn_model) by extension 'python'
[0.240s] Level 1:colcon.colcon_core.package_identification:_identify(models/best_ncnn_model) by extensions ['python_setup_py']
[0.240s] Level 1:colcon.colcon_core.package_identification:_identify(models/best_ncnn_model) by extension 'python_setup_py'
[0.240s] Level 1:colcon.colcon_core.package_identification:_identify(models/best_ncnn_model/__pycache__) by extensions ['ignore', 'ignore_ament_install']
[0.240s] Level 1:colcon.colcon_core.package_identification:_identify(models/best_ncnn_model/__pycache__) by extension 'ignore'
[0.240s] Level 1:colcon.colcon_core.package_identification:_identify(models/best_ncnn_model/__pycache__) by extension 'ignore_ament_install'
[0.240s] Level 1:colcon.colcon_core.package_identification:_identify(models/best_ncnn_model/__pycache__) by extensions ['colcon_pkg']
[0.240s] Level 1:colcon.colcon_core.package_identification:_identify(models/best_ncnn_model/__pycache__) by extension 'colcon_pkg'
[0.240s] Level 1:colcon.colcon_core.package_identification:_identify(models/best_ncnn_model/__pycache__) by extensions ['colcon_meta']
[0.240s] Level 1:colcon.colcon_core.package_identification:_identify(models/best_ncnn_model/__pycache__) by extension 'colcon_meta'
[0.240s] Level 1:colcon.colcon_core.package_identification:_identify(models/best_ncnn_model/__pycache__) by extensions ['ros']
[0.240s] Level 1:colcon.colcon_core.package_identification:_identify(models/best_ncnn_model/__pycache__) by extension 'ros'
[0.240s] Level 1:colcon.colcon_core.package_identification:_identify(models/best_ncnn_model/__pycache__) by extensions ['cmake', 'python']
[0.240s] Level 1:colcon.colcon_core.package_identification:_identify(models/best_ncnn_model/__pycache__) by extension 'cmake'
[0.240s] Level 1:colcon.colcon_core.package_identification:_identify(models/best_ncnn_model/__pycache__) by extension 'python'
[0.240s] Level 1:colcon.colcon_core.package_identification:_identify(models/best_ncnn_model/__pycache__) by extensions ['python_setup_py']
[0.240s] Level 1:colcon.colcon_core.package_identification:_identify(models/best_ncnn_model/__pycache__) by extension 'python_setup_py'
[0.240s] Level 1:colcon.colcon_core.package_identification:_identify(models/best_ncnn_model_int8) by extensions ['ignore', 'ignore_ament_install']
[0.240s] Level 1:colcon.colcon_core.package_identification:_identify(models/best_ncnn_model_int8) by extension 'ignore'
[0.240s] Level 1:colcon.colcon_core.package_identification:_identify(models/best_ncnn_model_int8) by extension 'ignore_ament_install'
[0.240s] Level 1:colcon.colcon_core.package_identification:_identify(models/best_ncnn_model_int8) by extensions ['colcon_pkg']
[0.240s] Level 1:colcon.colcon_core.package_identification:_identify(models/best_ncnn_model_int8) by extension 'colcon_pkg'
[0.240s] Level 1:colcon.colcon_core.package_identification:_identify(models/best_ncnn_model_int8) by extensions ['colcon_meta']
[0.241s] Level 1:colcon.colcon_core.package_identification:_identify(models/best_ncnn_model_int8) by extension 'colcon_meta'
[0.241s] Level 1:colcon.colcon_core.package_identification:_identify(models/best_ncnn_model_int8) by extensions ['ros']
[0.241s] Level 1:colcon.colcon_core.package_identification:_identify(models/best_ncnn_model_int8) by extension 'ros'
[0.241s] Level 1:colcon.colcon_core.package_identification:_identify(models/best_ncnn_model_int8) by extensions ['cmake', 'python']
[0.241s] Level 1:colcon.colcon_core.package_identification:_identify(models/best_ncnn_model_int8) by extension 'cmake'
[0.241s] Level 1:colcon.colcon_core.package_identification:_identify(models/best_ncnn_model_int8) by extension 'python'
[0.241s] Level 1:colcon.colcon_core.package_identification:_identify(models/best_ncnn_model_int8) by extensions ['python_setup_py']
[0.241s] Level 1:colcon.colcon_core.package_identification:_identify(models/best_ncnn_model_int8) by extension 'python_setup_py'
[0.241s] Level 1:colcon.colcon_core.package_identification:_identify(ncnn) by extensions ['ignore', 'ignore_ament_install']
[0.241s] Level 1:colcon.colcon_core.package_identification:_identify(ncnn) by extension 'ignore'
[0.241s] Level 1:colcon.colcon_core.package_identification:_identify(ncnn) by extension 'ignore_ament_install'
[0.241s] Level 1:colcon.colcon_core.package_identification:_identify(ncnn) by extensions ['colcon_pkg']
[0.241s] Level 1:colcon.colcon_core.package_identification:_identify(ncnn) by extension 'colcon_pkg'
[0.241s] Level 1:colcon.colcon_core.package_identification:_identify(ncnn) by extensions ['colcon_meta']
[0.241s] Level 1:colcon.colcon_core.package_identification:_identify(ncnn) by extension 'colcon_meta'
[0.241s] Level 1:colcon.colcon_core.package_identification:_identify(ncnn) by extensions ['ros']
[0.241s] Level 1:colcon.colcon_core.package_identification:_identify(ncnn) by extension 'ros'
[0.241s] Level 1:colcon.colcon_core.package_identification:_identify(ncnn) by extensions ['cmake', 'python']
[0.241s] Level 1:colcon.colcon_core.package_identification:_identify(ncnn) by extension 'cmake'
[0.241s] Level 1:colcon.colcon_core.package_identification:_identify(ncnn) by extension 'python'
[0.241s] Level 1:colcon.colcon_core.package_identification:_identify(ncnn) by extensions ['python_setup_py']
[0.241s] Level 1:colcon.colcon_core.package_identification:_identify(ncnn) by extension 'python_setup_py'
[0.241s] Level 1:colcon.colcon_core.package_identification:_identify(ncnn/include) by extensions ['ignore', 'ignore_ament_install']
[0.241s] Level 1:colcon.colcon_core.package_identification:_identify(ncnn/include) by extension 'ignore'
[0.241s] Level 1:colcon.colcon_core.package_identification:_identify(ncnn/include) by extension 'ignore_ament_install'
[0.241s] Level 1:colcon.colcon_core.package_identification:_identify(ncnn/include) by extensions ['colcon_pkg']
[0.241s] Level 1:colcon.colcon_core.package_identification:_identify(ncnn/include) by extension 'colcon_pkg'
[0.241s] Level 1:colcon.colcon_core.package_identification:_identify(ncnn/include) by extensions ['colcon_meta']
[0.241s] Level 1:colcon.colcon_core.package_identification:_identify(ncnn/include) by extension 'colcon_meta'
[0.241s] Level 1:colcon.colcon_core.package_identification:_identify(ncnn/include) by extensions ['ros']
[0.241s] Level 1:colcon.colcon_core.package_identification:_identify(ncnn/include) by extension 'ros'
[0.241s] Level 1:colcon.colcon_core.package_identification:_identify(ncnn/include) by extensions ['cmake', 'python']
[0.241s] Level 1:colcon.colcon_core.package_identification:_identify(ncnn/include) by extension 'cmake'
[0.241s] Level 1:colcon.colcon_core.package_identification:_identify(ncnn/include) by extension 'python'
[0.241s] Level 1:colcon.colcon_core.package_identification:_identify(ncnn/include) by extensions ['python_setup_py']
[0.241s] Level 1:colcon.colcon_core.package_identification:_identify(ncnn/include) by extension 'python_setup_py'
[0.241s] Level 1:colcon.colcon_core.package_identification:_identify(ncnn/include/ncnn) by extensions ['ignore', 'ignore_ament_install']
[0.242s] Level 1:colcon.colcon_core.package_identification:_identify(ncnn/include/ncnn) by extension 'ignore'
[0.242s] Level 1:colcon.colcon_core.package_identification:_identify(ncnn/include/ncnn) by extension 'ignore_ament_install'
[0.242s] Level 1:colcon.colcon_core.package_identification:_identify(ncnn/include/ncnn) by extensions ['colcon_pkg']
[0.242s] Level 1:colcon.colcon_core.package_identification:_identify(ncnn/include/ncnn) by extension 'colcon_pkg'
[0.242s] Level 1:colcon.colcon_core.package_identification:_identify(ncnn/include/ncnn) by extensions ['colcon_meta']
[0.242s] Level 1:colcon.colcon_core.package_identification:_identify(ncnn/include/ncnn) by extension 'colcon_meta'
[0.242s] Level 1:colcon.colcon_core.package_identification:_identify(ncnn/include/ncnn) by extensions ['ros']
[0.242s] Level 1:colcon.colcon_core.package_identification:_identify(ncnn/include/ncnn) by extension 'ros'
[0.242s] Level 1:colcon.colcon_core.package_identification:_identify(ncnn/include/ncnn) by extensions ['cmake', 'python']
[0.242s] Level 1:colcon.colcon_core.package_identification:_identify(ncnn/include/ncnn) by extension 'cmake'
[0.242s] Level 1:colcon.colcon_core.package_identification:_identify(ncnn/include/ncnn) by extension 'python'
[0.242s] Level 1:colcon.colcon_core.package_identification:_identify(ncnn/include/ncnn) by extensions ['python_setup_py']
[0.242s] Level 1:colcon.colcon_core.package_identification:_identify(ncnn/include/ncnn) by extension 'python_setup_py'
[0.242s] Level 1:colcon.colcon_core.package_identification:_identify(ncnn/lib) by extensions ['ignore', 'ignore_ament_install']
[0.242s] Level 1:colcon.colcon_core.package_identification:_identify(ncnn/lib) by extension 'ignore'
[0.242s] Level 1:colcon.colcon_core.package_identification:_identify(ncnn/lib) by extension 'ignore_ament_install'
[0.242s] Level 1:colcon.colcon_core.package_identification:_identify(ncnn/lib) by extensions ['colcon_pkg']
[0.242s] Level 1:colcon.colcon_core.package_identification:_identify(ncnn/lib) by extension 'colcon_pkg'
[0.242s] Level 1:colcon.colcon_core.package_identification:_identify(ncnn/lib) by extensions ['colcon_meta']
[0.242s] Level 1:colcon.colcon_core.package_identification:_identify(ncnn/lib) by extension 'colcon_meta'
[0.242s] Level 1:colcon.colcon_core.package_identification:_identify(ncnn/lib) by extensions ['ros']
[0.242s] Level 1:colcon.colcon_core.package_identification:_identify(ncnn/lib) by extension 'ros'
[0.242s] Level 1:colcon.colcon_core.package_identification:_identify(ncnn/lib) by extensions ['cmake', 'python']
[0.242s] Level 1:colcon.colcon_core.package_identification:_identify(ncnn/lib) by extension 'cmake'
[0.242s] Level 1:colcon.colcon_core.package_identification:_identify(ncnn/lib) by extension 'python'
[0.242s] Level 1:colcon.colcon_core.package_identification:_identify(ncnn/lib) by extensions ['python_setup_py']
[0.242s] Level 1:colcon.colcon_core.package_identification:_identify(ncnn/lib) by extension 'python_setup_py'
[0.242s] Level 1:colcon.colcon_core.package_identification:_identify(ncnn/lib/cmake) by extensions ['ignore', 'ignore_ament_install']
[0.242s] Level 1:colcon.colcon_core.package_identification:_identify(ncnn/lib/cmake) by extension 'ignore'
[0.242s] Level 1:colcon.colcon_core.package_identification:_identify(ncnn/lib/cmake) by extension 'ignore_ament_install'
[0.242s] Level 1:colcon.colcon_core.package_identification:_identify(ncnn/lib/cmake) by extensions ['colcon_pkg']
[0.242s] Level 1:colcon.colcon_core.package_identification:_identify(ncnn/lib/cmake) by extension 'colcon_pkg'
[0.242s] Level 1:colcon.colcon_core.package_identification:_identify(ncnn/lib/cmake) by extensions ['colcon_meta']
[0.242s] Level 1:colcon.colcon_core.package_identification:_identify(ncnn/lib/cmake) by extension 'colcon_meta'
[0.242s] Level 1:colcon.colcon_core.package_identification:_identify(ncnn/lib/cmake) by extensions ['ros']
[0.242s] Level 1:colcon.colcon_core.package_identification:_identify(ncnn/lib/cmake) by extension 'ros'
[0.242s] Level 1:colcon.colcon_core.package_identification:_identify(ncnn/lib/cmake) by extensions ['cmake', 'python']
[0.242s] Level 1:colcon.colcon_core.package_identification:_identify(ncnn/lib/cmake) by extension 'cmake'
[0.242s] Level 1:colcon.colcon_core.package_identification:_identify(ncnn/lib/cmake) by extension 'python'
[0.243s] Level 1:colcon.colcon_core.package_identification:_identify(ncnn/lib/cmake) by extensions ['python_setup_py']
[0.243s] Level 1:colcon.colcon_core.package_identification:_identify(ncnn/lib/cmake) by extension 'python_setup_py'
[0.243s] Level 1:colcon.colcon_core.package_identification:_identify(ncnn/lib/cmake/ncnn) by extensions ['ignore', 'ignore_ament_install']
[0.243s] Level 1:colcon.colcon_core.package_identification:_identify(ncnn/lib/cmake/ncnn) by extension 'ignore'
[0.243s] Level 1:colcon.colcon_core.package_identification:_identify(ncnn/lib/cmake/ncnn) by extension 'ignore_ament_install'
[0.243s] Level 1:colcon.colcon_core.package_identification:_identify(ncnn/lib/cmake/ncnn) by extensions ['colcon_pkg']
[0.243s] Level 1:colcon.colcon_core.package_identification:_identify(ncnn/lib/cmake/ncnn) by extension 'colcon_pkg'
[0.243s] Level 1:colcon.colcon_core.package_identification:_identify(ncnn/lib/cmake/ncnn) by extensions ['colcon_meta']
[0.243s] Level 1:colcon.colcon_core.package_identification:_identify(ncnn/lib/cmake/ncnn) by extension 'colcon_meta'
[0.243s] Level 1:colcon.colcon_core.package_identification:_identify(ncnn/lib/cmake/ncnn) by extensions ['ros']
[0.243s] Level 1:colcon.colcon_core.package_identification:_identify(ncnn/lib/cmake/ncnn) by extension 'ros'
[0.243s] Level 1:colcon.colcon_core.package_identification:_identify(ncnn/lib/cmake/ncnn) by extensions ['cmake', 'python']
[0.243s] Level 1:colcon.colcon_core.package_identification:_identify(ncnn/lib/cmake/ncnn) by extension 'cmake'
[0.243s] Level 1:colcon.colcon_core.package_identification:_identify(ncnn/lib/cmake/ncnn) by extension 'python'
[0.243s] Level 1:colcon.colcon_core.package_identification:_identify(ncnn/lib/cmake/ncnn) by extensions ['python_setup_py']
[0.243s] Level 1:colcon.colcon_core.package_identification:_identify(ncnn/lib/cmake/ncnn) by extension 'python_setup_py'
[0.243s] Level 1:colcon.colcon_core.package_identification:_identify(ncnn/lib/pkgconfig) by extensions ['ignore', 'ignore_ament_install']
[0.243s] Level 1:colcon.colcon_core.package_identification:_identify(ncnn/lib/pkgconfig) by extension 'ignore'
[0.243s] Level 1:colcon.colcon_core.package_identification:_identify(ncnn/lib/pkgconfig) by extension 'ignore_ament_install'
[0.243s] Level 1:colcon.colcon_core.package_identification:_identify(ncnn/lib/pkgconfig) by extensions ['colcon_pkg']
[0.243s] Level 1:colcon.colcon_core.package_identification:_identify(ncnn/lib/pkgconfig) by extension 'colcon_pkg'
[0.243s] Level 1:colcon.colcon_core.package_identification:_identify(ncnn/lib/pkgconfig) by extensions ['colcon_meta']
[0.243s] Level 1:colcon.colcon_core.package_identification:_identify(ncnn/lib/pkgconfig) by extension 'colcon_meta'
[0.243s] Level 1:colcon.colcon_core.package_identification:_identify(ncnn/lib/pkgconfig) by extensions ['ros']
[0.243s] Level 1:colcon.colcon_core.package_identification:_identify(ncnn/lib/pkgconfig) by extension 'ros'
[0.243s] Level 1:colcon.colcon_core.package_identification:_identify(ncnn/lib/pkgconfig) by extensions ['cmake', 'python']
[0.243s] Level 1:colcon.colcon_core.package_identification:_identify(ncnn/lib/pkgconfig) by extension 'cmake'
[0.243s] Level 1:colcon.colcon_core.package_identification:_identify(ncnn/lib/pkgconfig) by extension 'python'
[0.243s] Level 1:colcon.colcon_core.package_identification:_identify(ncnn/lib/pkgconfig) by extensions ['python_setup_py']
[0.243s] Level 1:colcon.colcon_core.package_identification:_identify(ncnn/lib/pkgconfig) by extension 'python_setup_py'
[0.243s] Level 1:colcon.colcon_core.package_identification:_identify(ncnn-src) by extensions ['ignore', 'ignore_ament_install']
[0.243s] Level 1:colcon.colcon_core.package_identification:_identify(ncnn-src) by extension 'ignore'
[0.243s] Level 1:colcon.colcon_core.package_identification:_identify(ncnn-src) by extension 'ignore_ament_install'
[0.243s] Level 1:colcon.colcon_core.package_identification:_identify(ncnn-src) by extensions ['colcon_pkg']
[0.243s] Level 1:colcon.colcon_core.package_identification:_identify(ncnn-src) by extension 'colcon_pkg'
[0.243s] Level 1:colcon.colcon_core.package_identification:_identify(ncnn-src) by extensions ['colcon_meta']
[0.243s] Level 1:colcon.colcon_core.package_identification:_identify(ncnn-src) by extension 'colcon_meta'
[0.244s] Level 1:colcon.colcon_core.package_identification:_identify(ncnn-src) by extensions ['ros']
[0.244s] Level 1:colcon.colcon_core.package_identification:_identify(ncnn-src) by extension 'ros'
[0.244s] Level 1:colcon.colcon_core.package_identification:_identify(ncnn-src) by extensions ['cmake', 'python']
[0.244s] Level 1:colcon.colcon_core.package_identification:_identify(ncnn-src) by extension 'cmake'
[0.291s] Level 1:colcon.colcon_core.package_identification:_identify(ncnn-src) by extension 'python'
[0.291s] DEBUG:colcon.colcon_core.package_identification:Package 'ncnn-src' with type 'cmake' and name 'ncnn'
[0.291s] Level 1:colcon.colcon_core.package_identification:_identify(ros2_ws) by extensions ['ignore', 'ignore_ament_install']
[0.291s] Level 1:colcon.colcon_core.package_identification:_identify(ros2_ws) by extension 'ignore'
[0.291s] Level 1:colcon.colcon_core.package_identification:_identify(ros2_ws) by extension 'ignore_ament_install'
[0.291s] Level 1:colcon.colcon_core.package_identification:_identify(ros2_ws) by extensions ['colcon_pkg']
[0.291s] Level 1:colcon.colcon_core.package_identification:_identify(ros2_ws) by extension 'colcon_pkg'
[0.291s] Level 1:colcon.colcon_core.package_identification:_identify(ros2_ws) by extensions ['colcon_meta']
[0.291s] Level 1:colcon.colcon_core.package_identification:_identify(ros2_ws) by extension 'colcon_meta'
[0.291s] Level 1:colcon.colcon_core.package_identification:_identify(ros2_ws) by extensions ['ros']
[0.291s] Level 1:colcon.colcon_core.package_identification:_identify(ros2_ws) by extension 'ros'
[0.291s] Level 1:colcon.colcon_core.package_identification:_identify(ros2_ws) by extensions ['cmake', 'python']
[0.292s] Level 1:colcon.colcon_core.package_identification:_identify(ros2_ws) by extension 'cmake'
[0.292s] Level 1:colcon.colcon_core.package_identification:_identify(ros2_ws) by extension 'python'
[0.292s] Level 1:colcon.colcon_core.package_identification:_identify(ros2_ws) by extensions ['python_setup_py']
[0.292s] Level 1:colcon.colcon_core.package_identification:_identify(ros2_ws) by extension 'python_setup_py'
[0.292s] Level 1:colcon.colcon_core.package_identification:_identify(ros2_ws/build) by extensions ['ignore', 'ignore_ament_install']
[0.292s] Level 1:colcon.colcon_core.package_identification:_identify(ros2_ws/build) by extension 'ignore'
[0.292s] Level 1:colcon.colcon_core.package_identification:_identify(ros2_ws/build) ignored
[0.292s] Level 1:colcon.colcon_core.package_identification:_identify(ros2_ws/build_host) by extensions ['ignore', 'ignore_ament_install']
[0.292s] Level 1:colcon.colcon_core.package_identification:_identify(ros2_ws/build_host) by extension 'ignore'
[0.292s] Level 1:colcon.colcon_core.package_identification:_identify(ros2_ws/build_host) ignored
[0.292s] Level 1:colcon.colcon_core.package_identification:_identify(ros2_ws/build_old) by extensions ['ignore', 'ignore_ament_install']
[0.292s] Level 1:colcon.colcon_core.package_identification:_identify(ros2_ws/build_old) by extension 'ignore'
[0.292s] Level 1:colcon.colcon_core.package_identification:_identify(ros2_ws/build_old) ignored
[0.292s] Level 1:colcon.colcon_core.package_identification:_identify(ros2_ws/build_user) by extensions ['ignore', 'ignore_ament_install']
[0.292s] Level 1:colcon.colcon_core.package_identification:_identify(ros2_ws/build_user) by extension 'ignore'
[0.292s] Level 1:colcon.colcon_core.package_identification:_identify(ros2_ws/build_user) ignored
[0.292s] Level 1:colcon.colcon_core.package_identification:_identify(ros2_ws/install) by extensions ['ignore', 'ignore_ament_install']
[0.292s] Level 1:colcon.colcon_core.package_identification:_identify(ros2_ws/install) by extension 'ignore'
[0.292s] Level 1:colcon.colcon_core.package_identification:_identify(ros2_ws/install) ignored
[0.292s] Level 1:colcon.colcon_core.package_identification:_identify(ros2_ws/install_host) by extensions ['ignore', 'ignore_ament_install']
[0.292s] Level 1:colcon.colcon_core.package_identification:_identify(ros2_ws/install_host) by extension 'ignore'
[0.292s] Level 1:colcon.colcon_core.package_identification:_identify(ros2_ws/install_host) ignored
[0.292s] Level 1:colcon.colcon_core.package_identification:_identify(ros2_ws/install_old) by extensions ['ignore', 'ignore_ament_install']
[0.292s] Level 1:colcon.colcon_core.package_identification:_identify(ros2_ws/install_old) by extension 'ignore'
[0.292s] Level 1:colcon.colcon_core.package_identification:_identify(ros2_ws/install_old) ignored
[0.293s] Level 1:colcon.colcon_core.package_identification:_identify(ros2_ws/install_user) by extensions ['ignore', 'ignore_ament_install']
[0.293s] Level 1:colcon.colcon_core.package_identification:_identify(ros2_ws/install_user) by extension 'ignore'
[0.293s] Level 1:colcon.colcon_core.package_identification:_identify(ros2_ws/install_user) ignored
[0.293s] Level 1:colcon.colcon_core.package_identification:_identify(ros2_ws/log) by extensions ['ignore', 'ignore_ament_install']
[0.293s] Level 1:colcon.colcon_core.package_identification:_identify(ros2_ws/log) by extension 'ignore'
[0.293s] Level 1:colcon.colcon_core.package_identification:_identify(ros2_ws/log) ignored
[0.293s] Level 1:colcon.colcon_core.package_identification:_identify(ros2_ws/log_host) by extensions ['ignore', 'ignore_ament_install']
[0.293s] Level 1:colcon.colcon_core.package_identification:_identify(ros2_ws/log_host) by extension 'ignore'
[0.293s] Level 1:colcon.colcon_core.package_identification:_identify(ros2_ws/log_host) ignored
[0.293s] Level 1:colcon.colcon_core.package_identification:_identify(ros2_ws/log_old) by extensions ['ignore', 'ignore_ament_install']
[0.293s] Level 1:colcon.colcon_core.package_identification:_identify(ros2_ws/log_old) by extension 'ignore'
[0.293s] Level 1:colcon.colcon_core.package_identification:_identify(ros2_ws/log_old) ignored
[0.293s] Level 1:colcon.colcon_core.package_identification:_identify(ros2_ws/log_user) by extensions ['ignore', 'ignore_ament_install']
[0.293s] Level 1:colcon.colcon_core.package_identification:_identify(ros2_ws/log_user) by extension 'ignore'
[0.293s] Level 1:colcon.colcon_core.package_identification:_identify(ros2_ws/log_user) ignored
[0.293s] Level 1:colcon.colcon_core.package_identification:_identify(ros2_ws/src) by extensions ['ignore', 'ignore_ament_install']
[0.293s] Level 1:colcon.colcon_core.package_identification:_identify(ros2_ws/src) by extension 'ignore'
[0.293s] Level 1:colcon.colcon_core.package_identification:_identify(ros2_ws/src) by extension 'ignore_ament_install'
[0.293s] Level 1:colcon.colcon_core.package_identification:_identify(ros2_ws/src) by extensions ['colcon_pkg']
[0.293s] Level 1:colcon.colcon_core.package_identification:_identify(ros2_ws/src) by extension 'colcon_pkg'
[0.293s] Level 1:colcon.colcon_core.package_identification:_identify(ros2_ws/src) by extensions ['colcon_meta']
[0.293s] Level 1:colcon.colcon_core.package_identification:_identify(ros2_ws/src) by extension 'colcon_meta'
[0.293s] Level 1:colcon.colcon_core.package_identification:_identify(ros2_ws/src) by extensions ['ros']
[0.293s] Level 1:colcon.colcon_core.package_identification:_identify(ros2_ws/src) by extension 'ros'
[0.293s] Level 1:colcon.colcon_core.package_identification:_identify(ros2_ws/src) by extensions ['cmake', 'python']
[0.293s] Level 1:colcon.colcon_core.package_identification:_identify(ros2_ws/src) by extension 'cmake'
[0.293s] Level 1:colcon.colcon_core.package_identification:_identify(ros2_ws/src) by extension 'python'
[0.293s] Level 1:colcon.colcon_core.package_identification:_identify(ros2_ws/src) by extensions ['python_setup_py']
[0.293s] Level 1:colcon.colcon_core.package_identification:_identify(ros2_ws/src) by extension 'python_setup_py'
[0.294s] Level 1:colcon.colcon_core.package_identification:_identify(ros2_ws/src/avs_perception) by extensions ['ignore', 'ignore_ament_install']
[0.294s] Level 1:colcon.colcon_core.package_identification:_identify(ros2_ws/src/avs_perception) by extension 'ignore'
[0.294s] Level 1:colcon.colcon_core.package_identification:_identify(ros2_ws/src/avs_perception) by extension 'ignore_ament_install'
[0.294s] Level 1:colcon.colcon_core.package_identification:_identify(ros2_ws/src/avs_perception) by extensions ['colcon_pkg']
[0.294s] Level 1:colcon.colcon_core.package_identification:_identify(ros2_ws/src/avs_perception) by extension 'colcon_pkg'
[0.294s] Level 1:colcon.colcon_core.package_identification:_identify(ros2_ws/src/avs_perception) by extensions ['colcon_meta']
[0.294s] Level 1:colcon.colcon_core.package_identification:_identify(ros2_ws/src/avs_perception) by extension 'colcon_meta'
[0.294s] Level 1:colcon.colcon_core.package_identification:_identify(ros2_ws/src/avs_perception) by extensions ['ros']
[0.294s] Level 1:colcon.colcon_core.package_identification:_identify(ros2_ws/src/avs_perception) by extension 'ros'
[0.296s] DEBUG:colcon.colcon_core.package_identification:Package 'ros2_ws/src/avs_perception' with type 'ros.ament_cmake' and name 'avs_perception'
[0.296s] Level 1:colcon.colcon_core.package_identification:_identify(ros2_ws/test) by extensions ['ignore', 'ignore_ament_install']
[0.296s] Level 1:colcon.colcon_core.package_identification:_identify(ros2_ws/test) by extension 'ignore'
[0.296s] Level 1:colcon.colcon_core.package_identification:_identify(ros2_ws/test) by extension 'ignore_ament_install'
[0.296s] Level 1:colcon.colcon_core.package_identification:_identify(ros2_ws/test) by extensions ['colcon_pkg']
[0.296s] Level 1:colcon.colcon_core.package_identification:_identify(ros2_ws/test) by extension 'colcon_pkg'
[0.296s] Level 1:colcon.colcon_core.package_identification:_identify(ros2_ws/test) by extensions ['colcon_meta']
[0.296s] Level 1:colcon.colcon_core.package_identification:_identify(ros2_ws/test) by extension 'colcon_meta'
[0.296s] Level 1:colcon.colcon_core.package_identification:_identify(ros2_ws/test) by extensions ['ros']
[0.296s] Level 1:colcon.colcon_core.package_identification:_identify(ros2_ws/test) by extension 'ros'
[0.296s] Level 1:colcon.colcon_core.package_identification:_identify(ros2_ws/test) by extensions ['cmake', 'python']
[0.296s] Level 1:colcon.colcon_core.package_identification:_identify(ros2_ws/test) by extension 'cmake'
[0.296s] Level 1:colcon.colcon_core.package_identification:_identify(ros2_ws/test) by extension 'python'
[0.296s] Level 1:colcon.colcon_core.package_identification:_identify(ros2_ws/test) by extensions ['python_setup_py']
[0.296s] Level 1:colcon.colcon_core.package_identification:_identify(ros2_ws/test) by extension 'python_setup_py'
[0.296s] Level 1:colcon.colcon_core.package_identification:_identify(ros2_ws/test/test_video_output) by extensions ['ignore', 'ignore_ament_install']
[0.296s] Level 1:colcon.colcon_core.package_identification:_identify(ros2_ws/test/test_video_output) by extension 'ignore'
[0.296s] Level 1:colcon.colcon_core.package_identification:_identify(ros2_ws/test/test_video_output) by extension 'ignore_ament_install'
[0.296s] Level 1:colcon.colcon_core.package_identification:_identify(ros2_ws/test/test_video_output) by extensions ['colcon_pkg']
[0.296s] Level 1:colcon.colcon_core.package_identification:_identify(ros2_ws/test/test_video_output) by extension 'colcon_pkg'
[0.296s] Level 1:colcon.colcon_core.package_identification:_identify(ros2_ws/test/test_video_output) by extensions ['colcon_meta']
[0.296s] Level 1:colcon.colcon_core.package_identification:_identify(ros2_ws/test/test_video_output) by extension 'colcon_meta'
[0.297s] Level 1:colcon.colcon_core.package_identification:_identify(ros2_ws/test/test_video_output) by extensions ['ros']
[0.297s] Level 1:colcon.colcon_core.package_identification:_identify(ros2_ws/test/test_video_output) by extension 'ros'
[0.297s] Level 1:colcon.colcon_core.package_identification:_identify(ros2_ws/test/test_video_output) by extensions ['cmake', 'python']
[0.297s] Level 1:colcon.colcon_core.package_identification:_identify(ros2_ws/test/test_video_output) by extension 'cmake'
[0.297s] Level 1:colcon.colcon_core.package_identification:_identify(ros2_ws/test/test_video_output) by extension 'python'
[0.297s] Level 1:colcon.colcon_core.package_identification:_identify(ros2_ws/test/test_video_output) by extensions ['python_setup_py']
[0.297s] Level 1:colcon.colcon_core.package_identification:_identify(ros2_ws/test/test_video_output) by extension 'python_setup_py'
[0.297s] Level 1:colcon.colcon_core.package_identification:_identify(scratch) by extensions ['ignore', 'ignore_ament_install']
[0.297s] Level 1:colcon.colcon_core.package_identification:_identify(scratch) by extension 'ignore'
[0.297s] Level 1:colcon.colcon_core.package_identification:_identify(scratch) by extension 'ignore_ament_install'
[0.297s] Level 1:colcon.colcon_core.package_identification:_identify(scratch) by extensions ['colcon_pkg']
[0.297s] Level 1:colcon.colcon_core.package_identification:_identify(scratch) by extension 'colcon_pkg'
[0.297s] Level 1:colcon.colcon_core.package_identification:_identify(scratch) by extensions ['colcon_meta']
[0.297s] Level 1:colcon.colcon_core.package_identification:_identify(scratch) by extension 'colcon_meta'
[0.297s] Level 1:colcon.colcon_core.package_identification:_identify(scratch) by extensions ['ros']
[0.297s] Level 1:colcon.colcon_core.package_identification:_identify(scratch) by extension 'ros'
[0.297s] Level 1:colcon.colcon_core.package_identification:_identify(scratch) by extensions ['cmake', 'python']
[0.297s] Level 1:colcon.colcon_core.package_identification:_identify(scratch) by extension 'cmake'
[0.297s] Level 1:colcon.colcon_core.package_identification:_identify(scratch) by extension 'python'
[0.297s] Level 1:colcon.colcon_core.package_identification:_identify(scratch) by extensions ['python_setup_py']
[0.297s] Level 1:colcon.colcon_core.package_identification:_identify(scratch) by extension 'python_setup_py'
[0.297s] Level 1:colcon.colcon_core.package_identification:_identify(scripts) by extensions ['ignore', 'ignore_ament_install']
[0.297s] Level 1:colcon.colcon_core.package_identification:_identify(scripts) by extension 'ignore'
[0.297s] Level 1:colcon.colcon_core.package_identification:_identify(scripts) by extension 'ignore_ament_install'
[0.297s] Level 1:colcon.colcon_core.package_identification:_identify(scripts) by extensions ['colcon_pkg']
[0.297s] Level 1:colcon.colcon_core.package_identification:_identify(scripts) by extension 'colcon_pkg'
[0.297s] Level 1:colcon.colcon_core.package_identification:_identify(scripts) by extensions ['colcon_meta']
[0.297s] Level 1:colcon.colcon_core.package_identification:_identify(scripts) by extension 'colcon_meta'
[0.297s] Level 1:colcon.colcon_core.package_identification:_identify(scripts) by extensions ['ros']
[0.297s] Level 1:colcon.colcon_core.package_identification:_identify(scripts) by extension 'ros'
[0.297s] Level 1:colcon.colcon_core.package_identification:_identify(scripts) by extensions ['cmake', 'python']
[0.297s] Level 1:colcon.colcon_core.package_identification:_identify(scripts) by extension 'cmake'
[0.297s] Level 1:colcon.colcon_core.package_identification:_identify(scripts) by extension 'python'
[0.297s] Level 1:colcon.colcon_core.package_identification:_identify(scripts) by extensions ['python_setup_py']
[0.297s] Level 1:colcon.colcon_core.package_identification:_identify(scripts) by extension 'python_setup_py'
[0.297s] Level 1:colcon.colcon_core.package_identification:_identify(skills) by extensions ['ignore', 'ignore_ament_install']
[0.298s] Level 1:colcon.colcon_core.package_identification:_identify(skills) by extension 'ignore'
[0.298s] Level 1:colcon.colcon_core.package_identification:_identify(skills) by extension 'ignore_ament_install'
[0.298s] Level 1:colcon.colcon_core.package_identification:_identify(skills) by extensions ['colcon_pkg']
[0.298s] Level 1:colcon.colcon_core.package_identification:_identify(skills) by extension 'colcon_pkg'
[0.298s] Level 1:colcon.colcon_core.package_identification:_identify(skills) by extensions ['colcon_meta']
[0.298s] Level 1:colcon.colcon_core.package_identification:_identify(skills) by extension 'colcon_meta'
[0.298s] Level 1:colcon.colcon_core.package_identification:_identify(skills) by extensions ['ros']
[0.298s] Level 1:colcon.colcon_core.package_identification:_identify(skills) by extension 'ros'
[0.298s] Level 1:colcon.colcon_core.package_identification:_identify(skills) by extensions ['cmake', 'python']
[0.298s] Level 1:colcon.colcon_core.package_identification:_identify(skills) by extension 'cmake'
[0.298s] Level 1:colcon.colcon_core.package_identification:_identify(skills) by extension 'python'
[0.298s] Level 1:colcon.colcon_core.package_identification:_identify(skills) by extensions ['python_setup_py']
[0.298s] Level 1:colcon.colcon_core.package_identification:_identify(skills) by extension 'python_setup_py'
[0.298s] Level 1:colcon.colcon_core.package_identification:_identify(skills/camera_SKILL) by extensions ['ignore', 'ignore_ament_install']
[0.298s] Level 1:colcon.colcon_core.package_identification:_identify(skills/camera_SKILL) by extension 'ignore'
[0.298s] Level 1:colcon.colcon_core.package_identification:_identify(skills/camera_SKILL) by extension 'ignore_ament_install'
[0.298s] Level 1:colcon.colcon_core.package_identification:_identify(skills/camera_SKILL) by extensions ['colcon_pkg']
[0.298s] Level 1:colcon.colcon_core.package_identification:_identify(skills/camera_SKILL) by extension 'colcon_pkg'
[0.298s] Level 1:colcon.colcon_core.package_identification:_identify(skills/camera_SKILL) by extensions ['colcon_meta']
[0.298s] Level 1:colcon.colcon_core.package_identification:_identify(skills/camera_SKILL) by extension 'colcon_meta'
[0.298s] Level 1:colcon.colcon_core.package_identification:_identify(skills/camera_SKILL) by extensions ['ros']
[0.298s] Level 1:colcon.colcon_core.package_identification:_identify(skills/camera_SKILL) by extension 'ros'
[0.298s] Level 1:colcon.colcon_core.package_identification:_identify(skills/camera_SKILL) by extensions ['cmake', 'python']
[0.298s] Level 1:colcon.colcon_core.package_identification:_identify(skills/camera_SKILL) by extension 'cmake'
[0.298s] Level 1:colcon.colcon_core.package_identification:_identify(skills/camera_SKILL) by extension 'python'
[0.298s] Level 1:colcon.colcon_core.package_identification:_identify(skills/camera_SKILL) by extensions ['python_setup_py']
[0.298s] Level 1:colcon.colcon_core.package_identification:_identify(skills/camera_SKILL) by extension 'python_setup_py'
[0.298s] Level 1:colcon.colcon_core.package_identification:_identify(skills/data_transport_SKILL) by extensions ['ignore', 'ignore_ament_install']
[0.298s] Level 1:colcon.colcon_core.package_identification:_identify(skills/data_transport_SKILL) by extension 'ignore'
[0.298s] Level 1:colcon.colcon_core.package_identification:_identify(skills/data_transport_SKILL) by extension 'ignore_ament_install'
[0.298s] Level 1:colcon.colcon_core.package_identification:_identify(skills/data_transport_SKILL) by extensions ['colcon_pkg']
[0.298s] Level 1:colcon.colcon_core.package_identification:_identify(skills/data_transport_SKILL) by extension 'colcon_pkg'
[0.298s] Level 1:colcon.colcon_core.package_identification:_identify(skills/data_transport_SKILL) by extensions ['colcon_meta']
[0.298s] Level 1:colcon.colcon_core.package_identification:_identify(skills/data_transport_SKILL) by extension 'colcon_meta'
[0.298s] Level 1:colcon.colcon_core.package_identification:_identify(skills/data_transport_SKILL) by extensions ['ros']
[0.298s] Level 1:colcon.colcon_core.package_identification:_identify(skills/data_transport_SKILL) by extension 'ros'
[0.298s] Level 1:colcon.colcon_core.package_identification:_identify(skills/data_transport_SKILL) by extensions ['cmake', 'python']
[0.298s] Level 1:colcon.colcon_core.package_identification:_identify(skills/data_transport_SKILL) by extension 'cmake'
[0.299s] Level 1:colcon.colcon_core.package_identification:_identify(skills/data_transport_SKILL) by extension 'python'
[0.299s] Level 1:colcon.colcon_core.package_identification:_identify(skills/data_transport_SKILL) by extensions ['python_setup_py']
[0.299s] Level 1:colcon.colcon_core.package_identification:_identify(skills/data_transport_SKILL) by extension 'python_setup_py'
[0.299s] Level 1:colcon.colcon_core.package_identification:_identify(skills/docker_SKILL) by extensions ['ignore', 'ignore_ament_install']
[0.299s] Level 1:colcon.colcon_core.package_identification:_identify(skills/docker_SKILL) by extension 'ignore'
[0.299s] Level 1:colcon.colcon_core.package_identification:_identify(skills/docker_SKILL) by extension 'ignore_ament_install'
[0.299s] Level 1:colcon.colcon_core.package_identification:_identify(skills/docker_SKILL) by extensions ['colcon_pkg']
[0.299s] Level 1:colcon.colcon_core.package_identification:_identify(skills/docker_SKILL) by extension 'colcon_pkg'
[0.299s] Level 1:colcon.colcon_core.package_identification:_identify(skills/docker_SKILL) by extensions ['colcon_meta']
[0.299s] Level 1:colcon.colcon_core.package_identification:_identify(skills/docker_SKILL) by extension 'colcon_meta'
[0.299s] Level 1:colcon.colcon_core.package_identification:_identify(skills/docker_SKILL) by extensions ['ros']
[0.299s] Level 1:colcon.colcon_core.package_identification:_identify(skills/docker_SKILL) by extension 'ros'
[0.299s] Level 1:colcon.colcon_core.package_identification:_identify(skills/docker_SKILL) by extensions ['cmake', 'python']
[0.299s] Level 1:colcon.colcon_core.package_identification:_identify(skills/docker_SKILL) by extension 'cmake'
[0.299s] Level 1:colcon.colcon_core.package_identification:_identify(skills/docker_SKILL) by extension 'python'
[0.299s] Level 1:colcon.colcon_core.package_identification:_identify(skills/docker_SKILL) by extensions ['python_setup_py']
[0.299s] Level 1:colcon.colcon_core.package_identification:_identify(skills/docker_SKILL) by extension 'python_setup_py'
[0.299s] Level 1:colcon.colcon_core.package_identification:_identify(skills/karpathy-guidelines) by extensions ['ignore', 'ignore_ament_install']
[0.299s] Level 1:colcon.colcon_core.package_identification:_identify(skills/karpathy-guidelines) by extension 'ignore'
[0.299s] Level 1:colcon.colcon_core.package_identification:_identify(skills/karpathy-guidelines) by extension 'ignore_ament_install'
[0.299s] Level 1:colcon.colcon_core.package_identification:_identify(skills/karpathy-guidelines) by extensions ['colcon_pkg']
[0.299s] Level 1:colcon.colcon_core.package_identification:_identify(skills/karpathy-guidelines) by extension 'colcon_pkg'
[0.299s] Level 1:colcon.colcon_core.package_identification:_identify(skills/karpathy-guidelines) by extensions ['colcon_meta']
[0.299s] Level 1:colcon.colcon_core.package_identification:_identify(skills/karpathy-guidelines) by extension 'colcon_meta'
[0.299s] Level 1:colcon.colcon_core.package_identification:_identify(skills/karpathy-guidelines) by extensions ['ros']
[0.299s] Level 1:colcon.colcon_core.package_identification:_identify(skills/karpathy-guidelines) by extension 'ros'
[0.299s] Level 1:colcon.colcon_core.package_identification:_identify(skills/karpathy-guidelines) by extensions ['cmake', 'python']
[0.299s] Level 1:colcon.colcon_core.package_identification:_identify(skills/karpathy-guidelines) by extension 'cmake'
[0.299s] Level 1:colcon.colcon_core.package_identification:_identify(skills/karpathy-guidelines) by extension 'python'
[0.299s] Level 1:colcon.colcon_core.package_identification:_identify(skills/karpathy-guidelines) by extensions ['python_setup_py']
[0.299s] Level 1:colcon.colcon_core.package_identification:_identify(skills/karpathy-guidelines) by extension 'python_setup_py'
[0.299s] Level 1:colcon.colcon_core.package_identification:_identify(skills/labeling_SKILL) by extensions ['ignore', 'ignore_ament_install']
[0.299s] Level 1:colcon.colcon_core.package_identification:_identify(skills/labeling_SKILL) by extension 'ignore'
[0.299s] Level 1:colcon.colcon_core.package_identification:_identify(skills/labeling_SKILL) by extension 'ignore_ament_install'
[0.299s] Level 1:colcon.colcon_core.package_identification:_identify(skills/labeling_SKILL) by extensions ['colcon_pkg']
[0.299s] Level 1:colcon.colcon_core.package_identification:_identify(skills/labeling_SKILL) by extension 'colcon_pkg'
[0.299s] Level 1:colcon.colcon_core.package_identification:_identify(skills/labeling_SKILL) by extensions ['colcon_meta']
[0.300s] Level 1:colcon.colcon_core.package_identification:_identify(skills/labeling_SKILL) by extension 'colcon_meta'
[0.300s] Level 1:colcon.colcon_core.package_identification:_identify(skills/labeling_SKILL) by extensions ['ros']
[0.300s] Level 1:colcon.colcon_core.package_identification:_identify(skills/labeling_SKILL) by extension 'ros'
[0.300s] Level 1:colcon.colcon_core.package_identification:_identify(skills/labeling_SKILL) by extensions ['cmake', 'python']
[0.300s] Level 1:colcon.colcon_core.package_identification:_identify(skills/labeling_SKILL) by extension 'cmake'
[0.300s] Level 1:colcon.colcon_core.package_identification:_identify(skills/labeling_SKILL) by extension 'python'
[0.300s] Level 1:colcon.colcon_core.package_identification:_identify(skills/labeling_SKILL) by extensions ['python_setup_py']
[0.300s] Level 1:colcon.colcon_core.package_identification:_identify(skills/labeling_SKILL) by extension 'python_setup_py'
[0.300s] Level 1:colcon.colcon_core.package_identification:_identify(test) by extensions ['ignore', 'ignore_ament_install']
[0.300s] Level 1:colcon.colcon_core.package_identification:_identify(test) by extension 'ignore'
[0.300s] Level 1:colcon.colcon_core.package_identification:_identify(test) by extension 'ignore_ament_install'
[0.300s] Level 1:colcon.colcon_core.package_identification:_identify(test) by extensions ['colcon_pkg']
[0.300s] Level 1:colcon.colcon_core.package_identification:_identify(test) by extension 'colcon_pkg'
[0.300s] Level 1:colcon.colcon_core.package_identification:_identify(test) by extensions ['colcon_meta']
[0.300s] Level 1:colcon.colcon_core.package_identification:_identify(test) by extension 'colcon_meta'
[0.300s] Level 1:colcon.colcon_core.package_identification:_identify(test) by extensions ['ros']
[0.300s] Level 1:colcon.colcon_core.package_identification:_identify(test) by extension 'ros'
[0.300s] Level 1:colcon.colcon_core.package_identification:_identify(test) by extensions ['cmake', 'python']
[0.300s] Level 1:colcon.colcon_core.package_identification:_identify(test) by extension 'cmake'
[0.300s] Level 1:colcon.colcon_core.package_identification:_identify(test) by extension 'python'
[0.300s] Level 1:colcon.colcon_core.package_identification:_identify(test) by extensions ['python_setup_py']
[0.300s] Level 1:colcon.colcon_core.package_identification:_identify(test) by extension 'python_setup_py'
[0.300s] Level 1:colcon.colcon_core.package_identification:_identify(test/calibration_images) by extensions ['ignore', 'ignore_ament_install']
[0.300s] Level 1:colcon.colcon_core.package_identification:_identify(test/calibration_images) by extension 'ignore'
[0.300s] Level 1:colcon.colcon_core.package_identification:_identify(test/calibration_images) by extension 'ignore_ament_install'
[0.300s] Level 1:colcon.colcon_core.package_identification:_identify(test/calibration_images) by extensions ['colcon_pkg']
[0.300s] Level 1:colcon.colcon_core.package_identification:_identify(test/calibration_images) by extension 'colcon_pkg'
[0.300s] Level 1:colcon.colcon_core.package_identification:_identify(test/calibration_images) by extensions ['colcon_meta']
[0.300s] Level 1:colcon.colcon_core.package_identification:_identify(test/calibration_images) by extension 'colcon_meta'
[0.300s] Level 1:colcon.colcon_core.package_identification:_identify(test/calibration_images) by extensions ['ros']
[0.300s] Level 1:colcon.colcon_core.package_identification:_identify(test/calibration_images) by extension 'ros'
[0.301s] Level 1:colcon.colcon_core.package_identification:_identify(test/calibration_images) by extensions ['cmake', 'python']
[0.301s] Level 1:colcon.colcon_core.package_identification:_identify(test/calibration_images) by extension 'cmake'
[0.301s] Level 1:colcon.colcon_core.package_identification:_identify(test/calibration_images) by extension 'python'
[0.301s] Level 1:colcon.colcon_core.package_identification:_identify(test/calibration_images) by extensions ['python_setup_py']
[0.301s] Level 1:colcon.colcon_core.package_identification:_identify(test/calibration_images) by extension 'python_setup_py'
[0.301s] Level 1:colcon.colcon_core.package_identification:_identify(test/decision_system) by extensions ['ignore', 'ignore_ament_install']
[0.301s] Level 1:colcon.colcon_core.package_identification:_identify(test/decision_system) by extension 'ignore'
[0.301s] Level 1:colcon.colcon_core.package_identification:_identify(test/decision_system) by extension 'ignore_ament_install'
[0.301s] Level 1:colcon.colcon_core.package_identification:_identify(test/decision_system) by extensions ['colcon_pkg']
[0.301s] Level 1:colcon.colcon_core.package_identification:_identify(test/decision_system) by extension 'colcon_pkg'
[0.301s] Level 1:colcon.colcon_core.package_identification:_identify(test/decision_system) by extensions ['colcon_meta']
[0.301s] Level 1:colcon.colcon_core.package_identification:_identify(test/decision_system) by extension 'colcon_meta'
[0.301s] Level 1:colcon.colcon_core.package_identification:_identify(test/decision_system) by extensions ['ros']
[0.301s] Level 1:colcon.colcon_core.package_identification:_identify(test/decision_system) by extension 'ros'
[0.301s] Level 1:colcon.colcon_core.package_identification:_identify(test/decision_system) by extensions ['cmake', 'python']
[0.301s] Level 1:colcon.colcon_core.package_identification:_identify(test/decision_system) by extension 'cmake'
[0.301s] Level 1:colcon.colcon_core.package_identification:_identify(test/decision_system) by extension 'python'
[0.301s] Level 1:colcon.colcon_core.package_identification:_identify(test/decision_system) by extensions ['python_setup_py']
[0.301s] Level 1:colcon.colcon_core.package_identification:_identify(test/decision_system) by extension 'python_setup_py'
[0.301s] Level 1:colcon.colcon_core.package_identification:_identify(test/decision_system/__pycache__) by extensions ['ignore', 'ignore_ament_install']
[0.301s] Level 1:colcon.colcon_core.package_identification:_identify(test/decision_system/__pycache__) by extension 'ignore'
[0.301s] Level 1:colcon.colcon_core.package_identification:_identify(test/decision_system/__pycache__) by extension 'ignore_ament_install'
[0.301s] Level 1:colcon.colcon_core.package_identification:_identify(test/decision_system/__pycache__) by extensions ['colcon_pkg']
[0.301s] Level 1:colcon.colcon_core.package_identification:_identify(test/decision_system/__pycache__) by extension 'colcon_pkg'
[0.301s] Level 1:colcon.colcon_core.package_identification:_identify(test/decision_system/__pycache__) by extensions ['colcon_meta']
[0.301s] Level 1:colcon.colcon_core.package_identification:_identify(test/decision_system/__pycache__) by extension 'colcon_meta'
[0.301s] Level 1:colcon.colcon_core.package_identification:_identify(test/decision_system/__pycache__) by extensions ['ros']
[0.301s] Level 1:colcon.colcon_core.package_identification:_identify(test/decision_system/__pycache__) by extension 'ros'
[0.301s] Level 1:colcon.colcon_core.package_identification:_identify(test/decision_system/__pycache__) by extensions ['cmake', 'python']
[0.301s] Level 1:colcon.colcon_core.package_identification:_identify(test/decision_system/__pycache__) by extension 'cmake'
[0.301s] Level 1:colcon.colcon_core.package_identification:_identify(test/decision_system/__pycache__) by extension 'python'
[0.301s] Level 1:colcon.colcon_core.package_identification:_identify(test/decision_system/__pycache__) by extensions ['python_setup_py']
[0.301s] Level 1:colcon.colcon_core.package_identification:_identify(test/decision_system/__pycache__) by extension 'python_setup_py'
[0.301s] Level 1:colcon.colcon_core.package_identification:_identify(test/test_video) by extensions ['ignore', 'ignore_ament_install']
[0.301s] Level 1:colcon.colcon_core.package_identification:_identify(test/test_video) by extension 'ignore'
[0.302s] Level 1:colcon.colcon_core.package_identification:_identify(test/test_video) by extension 'ignore_ament_install'
[0.302s] Level 1:colcon.colcon_core.package_identification:_identify(test/test_video) by extensions ['colcon_pkg']
[0.302s] Level 1:colcon.colcon_core.package_identification:_identify(test/test_video) by extension 'colcon_pkg'
[0.302s] Level 1:colcon.colcon_core.package_identification:_identify(test/test_video) by extensions ['colcon_meta']
[0.302s] Level 1:colcon.colcon_core.package_identification:_identify(test/test_video) by extension 'colcon_meta'
[0.302s] Level 1:colcon.colcon_core.package_identification:_identify(test/test_video) by extensions ['ros']
[0.302s] Level 1:colcon.colcon_core.package_identification:_identify(test/test_video) by extension 'ros'
[0.302s] Level 1:colcon.colcon_core.package_identification:_identify(test/test_video) by extensions ['cmake', 'python']
[0.302s] Level 1:colcon.colcon_core.package_identification:_identify(test/test_video) by extension 'cmake'
[0.302s] Level 1:colcon.colcon_core.package_identification:_identify(test/test_video) by extension 'python'
[0.302s] Level 1:colcon.colcon_core.package_identification:_identify(test/test_video) by extensions ['python_setup_py']
[0.302s] Level 1:colcon.colcon_core.package_identification:_identify(test/test_video) by extension 'python_setup_py'
[0.302s] Level 1:colcon.colcon_core.package_identification:_identify(test/test_video_output) by extensions ['ignore', 'ignore_ament_install']
[0.302s] Level 1:colcon.colcon_core.package_identification:_identify(test/test_video_output) by extension 'ignore'
[0.302s] Level 1:colcon.colcon_core.package_identification:_identify(test/test_video_output) by extension 'ignore_ament_install'
[0.302s] Level 1:colcon.colcon_core.package_identification:_identify(test/test_video_output) by extensions ['colcon_pkg']
[0.302s] Level 1:colcon.colcon_core.package_identification:_identify(test/test_video_output) by extension 'colcon_pkg'
[0.302s] Level 1:colcon.colcon_core.package_identification:_identify(test/test_video_output) by extensions ['colcon_meta']
[0.302s] Level 1:colcon.colcon_core.package_identification:_identify(test/test_video_output) by extension 'colcon_meta'
[0.302s] Level 1:colcon.colcon_core.package_identification:_identify(test/test_video_output) by extensions ['ros']
[0.302s] Level 1:colcon.colcon_core.package_identification:_identify(test/test_video_output) by extension 'ros'
[0.302s] Level 1:colcon.colcon_core.package_identification:_identify(test/test_video_output) by extensions ['cmake', 'python']
[0.302s] Level 1:colcon.colcon_core.package_identification:_identify(test/test_video_output) by extension 'cmake'
[0.302s] Level 1:colcon.colcon_core.package_identification:_identify(test/test_video_output) by extension 'python'
[0.302s] Level 1:colcon.colcon_core.package_identification:_identify(test/test_video_output) by extensions ['python_setup_py']
[0.302s] Level 1:colcon.colcon_core.package_identification:_identify(test/test_video_output) by extension 'python_setup_py'
[0.302s] Level 1:colcon.colcon_core.package_identification:_identify(web_dashboard) by extensions ['ignore', 'ignore_ament_install']
[0.302s] Level 1:colcon.colcon_core.package_identification:_identify(web_dashboard) by extension 'ignore'
[0.302s] Level 1:colcon.colcon_core.package_identification:_identify(web_dashboard) by extension 'ignore_ament_install'
[0.302s] Level 1:colcon.colcon_core.package_identification:_identify(web_dashboard) by extensions ['colcon_pkg']
[0.302s] Level 1:colcon.colcon_core.package_identification:_identify(web_dashboard) by extension 'colcon_pkg'
[0.302s] Level 1:colcon.colcon_core.package_identification:_identify(web_dashboard) by extensions ['colcon_meta']
[0.302s] Level 1:colcon.colcon_core.package_identification:_identify(web_dashboard) by extension 'colcon_meta'
[0.302s] Level 1:colcon.colcon_core.package_identification:_identify(web_dashboard) by extensions ['ros']
[0.302s] Level 1:colcon.colcon_core.package_identification:_identify(web_dashboard) by extension 'ros'
[0.302s] Level 1:colcon.colcon_core.package_identification:_identify(web_dashboard) by extensions ['cmake', 'python']
[0.302s] Level 1:colcon.colcon_core.package_identification:_identify(web_dashboard) by extension 'cmake'
[0.302s] Level 1:colcon.colcon_core.package_identification:_identify(web_dashboard) by extension 'python'
[0.302s] Level 1:colcon.colcon_core.package_identification:_identify(web_dashboard) by extensions ['python_setup_py']
[0.302s] Level 1:colcon.colcon_core.package_identification:_identify(web_dashboard) by extension 'python_setup_py'
[0.303s] Level 1:colcon.colcon_core.package_identification:_identify(web_dashboard/backend) by extensions ['ignore', 'ignore_ament_install']
[0.303s] Level 1:colcon.colcon_core.package_identification:_identify(web_dashboard/backend) by extension 'ignore'
[0.303s] Level 1:colcon.colcon_core.package_identification:_identify(web_dashboard/backend) by extension 'ignore_ament_install'
[0.303s] Level 1:colcon.colcon_core.package_identification:_identify(web_dashboard/backend) by extensions ['colcon_pkg']
[0.303s] Level 1:colcon.colcon_core.package_identification:_identify(web_dashboard/backend) by extension 'colcon_pkg'
[0.303s] Level 1:colcon.colcon_core.package_identification:_identify(web_dashboard/backend) by extensions ['colcon_meta']
[0.303s] Level 1:colcon.colcon_core.package_identification:_identify(web_dashboard/backend) by extension 'colcon_meta'
[0.303s] Level 1:colcon.colcon_core.package_identification:_identify(web_dashboard/backend) by extensions ['ros']
[0.303s] Level 1:colcon.colcon_core.package_identification:_identify(web_dashboard/backend) by extension 'ros'
[0.303s] Level 1:colcon.colcon_core.package_identification:_identify(web_dashboard/backend) by extensions ['cmake', 'python']
[0.303s] Level 1:colcon.colcon_core.package_identification:_identify(web_dashboard/backend) by extension 'cmake'
[0.303s] Level 1:colcon.colcon_core.package_identification:_identify(web_dashboard/backend) by extension 'python'
[0.303s] Level 1:colcon.colcon_core.package_identification:_identify(web_dashboard/backend) by extensions ['python_setup_py']
[0.303s] Level 1:colcon.colcon_core.package_identification:_identify(web_dashboard/backend) by extension 'python_setup_py'
[0.303s] Level 1:colcon.colcon_core.package_identification:_identify(web_dashboard/backend/__pycache__) by extensions ['ignore', 'ignore_ament_install']
[0.303s] Level 1:colcon.colcon_core.package_identification:_identify(web_dashboard/backend/__pycache__) by extension 'ignore'
[0.303s] Level 1:colcon.colcon_core.package_identification:_identify(web_dashboard/backend/__pycache__) by extension 'ignore_ament_install'
[0.303s] Level 1:colcon.colcon_core.package_identification:_identify(web_dashboard/backend/__pycache__) by extensions ['colcon_pkg']
[0.303s] Level 1:colcon.colcon_core.package_identification:_identify(web_dashboard/backend/__pycache__) by extension 'colcon_pkg'
[0.303s] Level 1:colcon.colcon_core.package_identification:_identify(web_dashboard/backend/__pycache__) by extensions ['colcon_meta']
[0.303s] Level 1:colcon.colcon_core.package_identification:_identify(web_dashboard/backend/__pycache__) by extension 'colcon_meta'
[0.303s] Level 1:colcon.colcon_core.package_identification:_identify(web_dashboard/backend/__pycache__) by extensions ['ros']
[0.303s] Level 1:colcon.colcon_core.package_identification:_identify(web_dashboard/backend/__pycache__) by extension 'ros'
[0.303s] Level 1:colcon.colcon_core.package_identification:_identify(web_dashboard/backend/__pycache__) by extensions ['cmake', 'python']
[0.303s] Level 1:colcon.colcon_core.package_identification:_identify(web_dashboard/backend/__pycache__) by extension 'cmake'
[0.303s] Level 1:colcon.colcon_core.package_identification:_identify(web_dashboard/backend/__pycache__) by extension 'python'
[0.303s] Level 1:colcon.colcon_core.package_identification:_identify(web_dashboard/backend/__pycache__) by extensions ['python_setup_py']
[0.303s] Level 1:colcon.colcon_core.package_identification:_identify(web_dashboard/backend/__pycache__) by extension 'python_setup_py'
[0.303s] Level 1:colcon.colcon_core.package_identification:_identify(web_dashboard/frontend) by extensions ['ignore', 'ignore_ament_install']
[0.303s] Level 1:colcon.colcon_core.package_identification:_identify(web_dashboard/frontend) by extension 'ignore'
[0.303s] Level 1:colcon.colcon_core.package_identification:_identify(web_dashboard/frontend) by extension 'ignore_ament_install'
[0.303s] Level 1:colcon.colcon_core.package_identification:_identify(web_dashboard/frontend) by extensions ['colcon_pkg']
[0.303s] Level 1:colcon.colcon_core.package_identification:_identify(web_dashboard/frontend) by extension 'colcon_pkg'
[0.303s] Level 1:colcon.colcon_core.package_identification:_identify(web_dashboard/frontend) by extensions ['colcon_meta']
[0.303s] Level 1:colcon.colcon_core.package_identification:_identify(web_dashboard/frontend) by extension 'colcon_meta'
[0.303s] Level 1:colcon.colcon_core.package_identification:_identify(web_dashboard/frontend) by extensions ['ros']
[0.303s] Level 1:colcon.colcon_core.package_identification:_identify(web_dashboard/frontend) by extension 'ros'
[0.304s] Level 1:colcon.colcon_core.package_identification:_identify(web_dashboard/frontend) by extensions ['cmake', 'python']
[0.304s] Level 1:colcon.colcon_core.package_identification:_identify(web_dashboard/frontend) by extension 'cmake'
[0.304s] Level 1:colcon.colcon_core.package_identification:_identify(web_dashboard/frontend) by extension 'python'
[0.304s] Level 1:colcon.colcon_core.package_identification:_identify(web_dashboard/frontend) by extensions ['python_setup_py']
[0.304s] Level 1:colcon.colcon_core.package_identification:_identify(web_dashboard/frontend) by extension 'python_setup_py'
[0.304s] Level 1:colcon.colcon_core.package_discovery:discover_packages(recursive) using defaults
[0.304s] Level 1:colcon.colcon_core.package_discovery:discover_packages(ignore) discover
[0.304s] Level 1:colcon.colcon_core.package_discovery:discover_packages(ignore) using defaults
[0.304s] Level 1:colcon.colcon_core.package_discovery:discover_packages(path) discover
[0.304s] Level 1:colcon.colcon_core.package_discovery:discover_packages(path) using defaults
[0.329s] INFO:colcon.colcon_core.package_selection:Skipping not selected package 'ncnn' in 'ncnn-src'
[0.329s] Level 1:colcon.colcon_core.package_discovery:discover_packages(prefix_path) check parameters
[0.329s] Level 1:colcon.colcon_core.package_discovery:discover_packages(prefix_path) discover
[0.332s] DEBUG:colcon.colcon_installed_package_information.package_discovery:Found 3 installed packages in /home/goln/microros_ws/install
[0.332s] DEBUG:colcon.colcon_installed_package_information.package_discovery:Found 6 installed packages in /home/goln/JetbotRos2_ws/install
[0.333s] DEBUG:colcon.colcon_installed_package_information.package_discovery:Found 479 installed packages in /opt/ros/humble
[0.335s] Level 1:colcon.colcon_core.package_discovery:discover_packages(prefix_path) using defaults
[0.435s] Level 5:colcon.colcon_core.verb:set package 'avs_perception' build argument 'cmake_args' from command line to 'None'
[0.435s] Level 5:colcon.colcon_core.verb:set package 'avs_perception' build argument 'cmake_target' from command line to 'None'
[0.435s] Level 5:colcon.colcon_core.verb:set package 'avs_perception' build argument 'cmake_target_skip_unavailable' from command line to 'False'
[0.435s] Level 5:colcon.colcon_core.verb:set package 'avs_perception' build argument 'cmake_clean_cache' from command line to 'False'
[0.435s] Level 5:colcon.colcon_core.verb:set package 'avs_perception' build argument 'cmake_clean_first' from command line to 'False'
[0.435s] Level 5:colcon.colcon_core.verb:set package 'avs_perception' build argument 'cmake_force_configure' from command line to 'False'
[0.435s] Level 5:colcon.colcon_core.verb:set package 'avs_perception' build argument 'ament_cmake_args' from command line to 'None'
[0.435s] Level 5:colcon.colcon_core.verb:set package 'avs_perception' build argument 'catkin_cmake_args' from command line to 'None'
[0.435s] Level 5:colcon.colcon_core.verb:set package 'avs_perception' build argument 'catkin_skip_building_tests' from command line to 'False'
[0.435s] DEBUG:colcon.colcon_core.verb:Building package 'avs_perception' with the following arguments: {'ament_cmake_args': None, 'build_base': '/home/goln/SimpleSysIDV/build/avs_perception', 'catkin_cmake_args': None, 'catkin_skip_building_tests': False, 'cmake_args': None, 'cmake_clean_cache': False, 'cmake_clean_first': False, 'cmake_force_configure': False, 'cmake_target': None, 'cmake_target_skip_unavailable': False, 'install_base': '/home/goln/SimpleSysIDV/install/avs_perception', 'merge_install': False, 'path': '/home/goln/SimpleSysIDV/ros2_ws/src/avs_perception', 'symlink_install': False, 'test_result_base': None}
[0.435s] INFO:colcon.colcon_core.executor:Executing jobs using 'parallel' executor
[0.436s] DEBUG:colcon.colcon_parallel_executor.executor.parallel:run_until_complete
[0.436s] INFO:colcon.colcon_ros.task.ament_cmake.build:Building ROS package in '/home/goln/SimpleSysIDV/ros2_ws/src/avs_perception' with build type 'ament_cmake'
[0.436s] INFO:colcon.colcon_cmake.task.cmake.build:Building CMake package in '/home/goln/SimpleSysIDV/ros2_ws/src/avs_perception'
[0.439s] INFO:colcon.colcon_core.plugin_system:Skipping extension 'colcon_core.shell.bat': Not used on non-Windows systems
[0.439s] INFO:colcon.colcon_core.shell:Skip shell extension 'powershell' for command environment: Not usable outside of PowerShell
[0.439s] DEBUG:colcon.colcon_core.shell:Skip shell extension 'dsv' for command environment
[0.446s] DEBUG:colcon.colcon_core.event_handler.log_command:Invoking command in '/home/goln/SimpleSysIDV/build/avs_perception': CMAKE_PREFIX_PATH=${CMAKE_PREFIX_PATH}:/home/goln/JetbotRos2_ws/install/yolo_demo:/home/goln/JetbotRos2_ws/install/pkg_param:/home/goln/JetbotRos2_ws/install/pkg_action:/home/goln/JetbotRos2_ws/install/learn_launch:/opt/ros/humble /usr/bin/cmake --build /home/goln/SimpleSysIDV/build/avs_perception -- -j12 -l12
[14.535s] DEBUG:colcon.colcon_core.event_handler.log_command:Invoked command in '/home/goln/SimpleSysIDV/build/avs_perception' returned '0': CMAKE_PREFIX_PATH=${CMAKE_PREFIX_PATH}:/home/goln/JetbotRos2_ws/install/yolo_demo:/home/goln/JetbotRos2_ws/install/pkg_param:/home/goln/JetbotRos2_ws/install/pkg_action:/home/goln/JetbotRos2_ws/install/learn_launch:/opt/ros/humble /usr/bin/cmake --build /home/goln/SimpleSysIDV/build/avs_perception -- -j12 -l12
[14.542s] DEBUG:colcon.colcon_core.event_handler.log_command:Invoking command in '/home/goln/SimpleSysIDV/build/avs_perception': CMAKE_PREFIX_PATH=${CMAKE_PREFIX_PATH}:/home/goln/JetbotRos2_ws/install/yolo_demo:/home/goln/JetbotRos2_ws/install/pkg_param:/home/goln/JetbotRos2_ws/install/pkg_action:/home/goln/JetbotRos2_ws/install/learn_launch:/opt/ros/humble /usr/bin/cmake --install /home/goln/SimpleSysIDV/build/avs_perception
[14.551s] Level 1:colcon.colcon_core.environment:create_environment_scripts_only(avs_perception)
[14.552s] DEBUG:colcon.colcon_core.event_handler.log_command:Invoked command in '/home/goln/SimpleSysIDV/build/avs_perception' returned '0': CMAKE_PREFIX_PATH=${CMAKE_PREFIX_PATH}:/home/goln/JetbotRos2_ws/install/yolo_demo:/home/goln/JetbotRos2_ws/install/pkg_param:/home/goln/JetbotRos2_ws/install/pkg_action:/home/goln/JetbotRos2_ws/install/learn_launch:/opt/ros/humble /usr/bin/cmake --install /home/goln/SimpleSysIDV/build/avs_perception
[14.553s] Level 1:colcon.colcon_core.environment:checking '/home/goln/SimpleSysIDV/install/avs_perception' for CMake module files
[14.553s] Level 1:colcon.colcon_core.environment:checking '/home/goln/SimpleSysIDV/install/avs_perception' for CMake config files
[14.554s] Level 1:colcon.colcon_core.shell:create_environment_hook('avs_perception', 'cmake_prefix_path')
[14.554s] INFO:colcon.colcon_core.shell:Creating environment hook '/home/goln/SimpleSysIDV/install/avs_perception/share/avs_perception/hook/cmake_prefix_path.ps1'
[14.554s] INFO:colcon.colcon_core.shell:Creating environment descriptor '/home/goln/SimpleSysIDV/install/avs_perception/share/avs_perception/hook/cmake_prefix_path.dsv'
[14.555s] INFO:colcon.colcon_core.shell:Creating environment hook '/home/goln/SimpleSysIDV/install/avs_perception/share/avs_perception/hook/cmake_prefix_path.sh'
[14.555s] Level 1:colcon.colcon_core.environment:checking '/home/goln/SimpleSysIDV/install/avs_perception/lib'
[14.555s] Level 1:colcon.colcon_core.environment:checking '/home/goln/SimpleSysIDV/install/avs_perception/bin'
[14.555s] Level 1:colcon.colcon_core.environment:checking '/home/goln/SimpleSysIDV/install/avs_perception/lib/pkgconfig/avs_perception.pc'
[14.555s] Level 1:colcon.colcon_core.environment:checking '/home/goln/SimpleSysIDV/install/avs_perception/lib/python3.10/site-packages'
[14.556s] Level 1:colcon.colcon_core.environment:checking '/home/goln/SimpleSysIDV/install/avs_perception/bin'
[14.556s] INFO:colcon.colcon_core.shell:Creating package script '/home/goln/SimpleSysIDV/install/avs_perception/share/avs_perception/package.ps1'
[14.557s] INFO:colcon.colcon_core.shell:Creating package descriptor '/home/goln/SimpleSysIDV/install/avs_perception/share/avs_perception/package.dsv'
[14.557s] INFO:colcon.colcon_core.shell:Creating package script '/home/goln/SimpleSysIDV/install/avs_perception/share/avs_perception/package.sh'
[14.557s] INFO:colcon.colcon_core.shell:Creating package script '/home/goln/SimpleSysIDV/install/avs_perception/share/avs_perception/package.bash'
[14.558s] INFO:colcon.colcon_core.shell:Creating package script '/home/goln/SimpleSysIDV/install/avs_perception/share/avs_perception/package.zsh'
[14.558s] Level 1:colcon.colcon_core.environment:create_file_with_runtime_dependencies(/home/goln/SimpleSysIDV/install/avs_perception/share/colcon-core/packages/avs_perception)
[14.559s] Level 1:colcon.colcon_core.environment:create_environment_scripts_only(avs_perception)
[14.559s] Level 1:colcon.colcon_core.environment:checking '/home/goln/SimpleSysIDV/install/avs_perception' for CMake module files
[14.559s] Level 1:colcon.colcon_core.environment:checking '/home/goln/SimpleSysIDV/install/avs_perception' for CMake config files
[14.559s] Level 1:colcon.colcon_core.shell:create_environment_hook('avs_perception', 'cmake_prefix_path')
[14.559s] INFO:colcon.colcon_core.shell:Creating environment hook '/home/goln/SimpleSysIDV/install/avs_perception/share/avs_perception/hook/cmake_prefix_path.ps1'
[14.559s] INFO:colcon.colcon_core.shell:Creating environment descriptor '/home/goln/SimpleSysIDV/install/avs_perception/share/avs_perception/hook/cmake_prefix_path.dsv'
[14.560s] INFO:colcon.colcon_core.shell:Creating environment hook '/home/goln/SimpleSysIDV/install/avs_perception/share/avs_perception/hook/cmake_prefix_path.sh'
[14.560s] Level 1:colcon.colcon_core.environment:checking '/home/goln/SimpleSysIDV/install/avs_perception/lib'
[14.560s] Level 1:colcon.colcon_core.environment:checking '/home/goln/SimpleSysIDV/install/avs_perception/bin'
[14.560s] Level 1:colcon.colcon_core.environment:checking '/home/goln/SimpleSysIDV/install/avs_perception/lib/pkgconfig/avs_perception.pc'
[14.560s] Level 1:colcon.colcon_core.environment:checking '/home/goln/SimpleSysIDV/install/avs_perception/lib/python3.10/site-packages'
[14.560s] Level 1:colcon.colcon_core.environment:checking '/home/goln/SimpleSysIDV/install/avs_perception/bin'
[14.561s] INFO:colcon.colcon_core.shell:Creating package script '/home/goln/SimpleSysIDV/install/avs_perception/share/avs_perception/package.ps1'
[14.561s] INFO:colcon.colcon_core.shell:Creating package descriptor '/home/goln/SimpleSysIDV/install/avs_perception/share/avs_perception/package.dsv'
[14.561s] INFO:colcon.colcon_core.shell:Creating package script '/home/goln/SimpleSysIDV/install/avs_perception/share/avs_perception/package.sh'
[14.562s] INFO:colcon.colcon_core.shell:Creating package script '/home/goln/SimpleSysIDV/install/avs_perception/share/avs_perception/package.bash'
[14.562s] INFO:colcon.colcon_core.shell:Creating package script '/home/goln/SimpleSysIDV/install/avs_perception/share/avs_perception/package.zsh'
[14.562s] Level 1:colcon.colcon_core.environment:create_file_with_runtime_dependencies(/home/goln/SimpleSysIDV/install/avs_perception/share/colcon-core/packages/avs_perception)
[14.562s] DEBUG:colcon.colcon_parallel_executor.executor.parallel:closing loop
[14.563s] DEBUG:colcon.colcon_parallel_executor.executor.parallel:loop closed
[14.563s] DEBUG:colcon.colcon_parallel_executor.executor.parallel:run_until_complete finished with '0'
[14.563s] DEBUG:colcon.colcon_core.event_reactor:joining thread
[14.567s] INFO:colcon.colcon_core.plugin_system:Skipping extension 'colcon_notification.desktop_notification.terminal_notifier': Not used on non-Darwin systems
[14.567s] INFO:colcon.colcon_core.plugin_system:Skipping extension 'colcon_notification.desktop_notification.win32': Not used on non-Windows systems
[14.567s] INFO:colcon.colcon_notification.desktop_notification:Sending desktop notification using 'notify2'
[14.575s] DEBUG:colcon.colcon_core.event_reactor:joined thread
[14.575s] INFO:colcon.colcon_core.shell:Creating prefix script '/home/goln/SimpleSysIDV/install/local_setup.ps1'
[14.576s] INFO:colcon.colcon_core.shell:Creating prefix util module '/home/goln/SimpleSysIDV/install/_local_setup_util_ps1.py'
[14.577s] INFO:colcon.colcon_core.shell:Creating prefix chain script '/home/goln/SimpleSysIDV/install/setup.ps1'
[14.578s] INFO:colcon.colcon_core.shell:Creating prefix script '/home/goln/SimpleSysIDV/install/local_setup.sh'
[14.578s] INFO:colcon.colcon_core.shell:Creating prefix util module '/home/goln/SimpleSysIDV/install/_local_setup_util_sh.py'
[14.579s] INFO:colcon.colcon_core.shell:Creating prefix chain script '/home/goln/SimpleSysIDV/install/setup.sh'
[14.580s] INFO:colcon.colcon_core.shell:Creating prefix script '/home/goln/SimpleSysIDV/install/local_setup.bash'
[14.580s] INFO:colcon.colcon_core.shell:Creating prefix chain script '/home/goln/SimpleSysIDV/install/setup.bash'
[14.581s] INFO:colcon.colcon_core.shell:Creating prefix script '/home/goln/SimpleSysIDV/install/local_setup.zsh'
[14.581s] INFO:colcon.colcon_core.shell:Creating prefix chain script '/home/goln/SimpleSysIDV/install/setup.zsh'
