[0.000000] (-) TimerEvent: {}
[0.000194] (-) JobUnselected: {'identifier': 'ncnn'}
[0.000462] (avs_perception) JobQueued: {'identifier': 'avs_perception', 'dependencies': OrderedDict()}
[0.000475] (avs_perception) JobStarted: {'identifier': 'avs_perception'}
[0.006489] (avs_perception) JobProgress: {'identifier': 'avs_perception', 'progress': 'cmake'}
[0.006773] (avs_perception) Command: {'cmd': ['/usr/bin/cmake', '/home/goln/SimpleSysIDV/ros2_ws/src/avs_perception', '-DCMAKE_INSTALL_PREFIX=/home/goln/SimpleSysIDV/install/avs_perception'], 'cwd': '/home/goln/SimpleSysIDV/build/avs_perception', 'env': OrderedDict([('GJS_DEBUG_TOPICS', 'JS ERROR;JS LOG'), ('LESSOPEN', '| /usr/bin/lesspipe %s'), ('VSCODE_CWD', '/home/goln'), ('USER', 'goln'), ('LC_TIME', 'vi_VN'), ('VSCODE_NLS_CONFIG', '{"userLocale":"en-us","osLocale":"en-us","resolvedLanguage":"en","defaultMessagesFile":"/usr/share/antigravity/resources/app/out/nls.messages.json","locale":"en-us","availableLanguages":{}}'), ('XDG_SESSION_TYPE', 'x11'), ('SHLVL', '0'), ('LD_LIBRARY_PATH', '/home/goln/microros_ws/install/micro_ros_agent/lib:/home/goln/microros_ws/install/micro_ros_msgs/lib:/home/goln/JetbotRos2_ws/install/pkg_interfaces/lib:/usr/lib/x86_64-linux-gnu/gazebo-11/plugins:/opt/ros/humble/opt/rviz_ogre_vendor/lib:/opt/ros/humble/lib/x86_64-linux-gnu:/opt/ros/humble/lib'), ('HOME', '/home/goln'), ('CHROME_DESKTOP', 'antigravity.desktop'), ('DESKTOP_SESSION', 'ubuntu-xorg'), ('VSCODE_IPC_HOOK', '/run/user/1000/vscode-fd0059ab-1.10-main.sock'), ('GIO_LAUNCHED_DESKTOP_FILE', '/usr/share/applications/antigravity.desktop'), ('ROS_PYTHON_VERSION', '3'), ('GNOME_SHELL_SESSION_MODE', 'ubuntu'), ('GTK_MODULES', 'gail:atk-bridge'), ('PAGER', 'cat'), ('LC_MONETARY', 'vi_VN'), ('MANAGERPID', '1210'), ('SYSTEMD_EXEC_PID', '1770'), ('DBUS_SESSION_BUS_ADDRESS', 'unix:path=/run/user/1000/bus'), ('ANTIGRAVITY_AGENT', '1'), ('GIO_LAUNCHED_DESKTOP_FILE_PID', '2552'), ('IM_CONFIG_PHASE', '1'), ('COLCON_PREFIX_PATH', '/home/goln/microros_ws/install:/home/goln/JetbotRos2_ws/install'), ('ROS_DISTRO', 'humble'), ('GTK_IM_MODULE', 'fcitx'), ('LOGNAME', 'goln'), ('_', '/usr/bin/colcon'), ('JOURNAL_STREAM', '8:17530'), ('ROS_VERSION', '2'), ('XDG_SESSION_CLASS', 'user'), ('USERNAME', 'goln'), ('TERM', 'dumb'), ('GNOME_DESKTOP_SESSION_ID', 'this-is-deprecated'), ('FC_FONTATIONS', '1'), ('ROS_LOCALHOST_ONLY', '0'), ('WINDOWPATH', '2'), ('ANTIGRAVITY_EDITOR_APP_ROOT', '/usr/share/antigravity/resources/app'), ('PATH', '/home/goln/.local/bin:/opt/ros/humble/bin:/home/goln/.local/bin:/usr/local/sbin:/usr/local/bin:/usr/sbin:/usr/bin:/sbin:/bin:/usr/games:/usr/local/games:/snap/bin:/snap/bin'), ('SESSION_MANAGER', 'local/goln-Nitro-AN515-57:@/tmp/.ICE-unix/1688,unix/goln-Nitro-AN515-57:/tmp/.ICE-unix/1688'), ('INVOCATION_ID', 'eda6d092f97149f5a001ec23590f37b4'), ('XDG_MENU_PREFIX', 'gnome-'), ('LC_ADDRESS', 'vi_VN'), ('XDG_RUNTIME_DIR', '/run/user/1000'), ('GDK_BACKEND', 'x11'), ('DISPLAY', ':0'), ('LANG', 'en_US.UTF-8'), ('XDG_CURRENT_DESKTOP', 'ubuntu:GNOME'), ('LC_TELEPHONE', 'vi_VN'), ('XMODIFIERS', '@im=fcitx'), ('XDG_SESSION_DESKTOP', 'ubuntu-xorg'), ('XAUTHORITY', '/run/user/1000/gdm/Xauthority'), ('LS_COLORS', ''), ('SSH_AGENT_LAUNCHER', 'gnome-keyring'), ('SSH_AUTH_SOCK', '/run/user/1000/keyring/ssh'), ('AMENT_PREFIX_PATH', '/home/goln/microros_ws/install/micro_ros_setup:/home/goln/microros_ws/install/micro_ros_agent:/home/goln/microros_ws/install/micro_ros_msgs:/home/goln/JetbotRos2_ws/install/yolo_demo:/home/goln/JetbotRos2_ws/install/pkg_param:/home/goln/JetbotRos2_ws/install/pkg_action:/home/goln/JetbotRos2_ws/install/pkg_interfaces:/home/goln/JetbotRos2_ws/install/myrobot:/home/goln/JetbotRos2_ws/install/learn_launch:/opt/ros/humble'), ('SHELL', '/bin/bash'), ('LC_NAME', 'vi_VN'), ('QT_ACCESSIBILITY', '1'), ('GDMSESSION', 'ubuntu-xorg'), ('LESSCLOSE', '/usr/bin/lesspipe %s %s'), ('LC_MEASUREMENT', 'vi_VN'), ('GPG_AGENT_INFO', '/run/user/1000/gnupg/S.gpg-agent:0:1'), ('GJS_DEBUG_OUTPUT', 'stderr'), ('LC_IDENTIFICATION', 'vi_VN'), ('QT_IM_MODULE', 'fcitx'), ('ANTIGRAVITY_TRAJECTORY_ID', '82b21ade-9a5d-420a-b27f-f447ab846653'), ('PWD', '/home/goln/SimpleSysIDV/build/avs_perception'), ('XDG_CONFIG_DIRS', '/etc/xdg/xdg-ubuntu-xorg:/etc/xdg'), ('VSCODE_CODE_CACHE_PATH', '/home/goln/.config/Antigravity/CachedData/15487b3041e65228cae24980a3f796c905ef582c'), ('CLUTTER_IM_MODULE', 'fcitx'), ('XDG_DATA_DIRS', '/usr/share/ubuntu-xorg:/usr/share/gnome:/usr/local/share/:/usr/share/:/var/lib/snapd/desktop'), ('PYTHONPATH', '/home/goln/microros_ws/install/micro_ros_msgs/local/lib/python3.10/dist-packages:/home/goln/JetbotRos2_ws/install/yolo_demo/lib/python3.10/site-packages:/home/goln/JetbotRos2_ws/install/pkg_param/lib/python3.10/site-packages:/home/goln/JetbotRos2_ws/install/pkg_action/lib/python3.10/site-packages:/home/goln/JetbotRos2_ws/install/pkg_interfaces/local/lib/python3.10/dist-packages:/home/goln/JetbotRos2_ws/install/learn_launch/lib/python3.10/site-packages:/opt/ros/humble/lib/python3.10/site-packages:/opt/ros/humble/local/lib/python3.10/dist-packages'), ('LC_NUMERIC', 'vi_VN'), ('LC_PAPER', 'vi_VN'), ('COLCON', '1'), ('CMAKE_PREFIX_PATH', '/home/goln/microros_ws/install/micro_ros_setup:/home/goln/microros_ws/install/micro_ros_agent:/home/goln/microros_ws/install/micro_ros_msgs:/home/goln/JetbotRos2_ws/install/pkg_interfaces:/home/goln/JetbotRos2_ws/install/myrobot:/home/goln/JetbotRos2_ws/install/yolo_demo:/home/goln/JetbotRos2_ws/install/pkg_param:/home/goln/JetbotRos2_ws/install/pkg_action:/home/goln/JetbotRos2_ws/install/learn_launch:/opt/ros/humble'), ('VSCODE_PID', '2552')]), 'shell': False}
[0.099894] (-) TimerEvent: {}
[0.146534] (avs_perception) StdoutLine: {'line': b'-- The C compiler identification is GNU 11.4.0\n'}
[0.189289] (avs_perception) StdoutLine: {'line': b'-- The CXX compiler identification is GNU 11.4.0\n'}
[0.199403] (avs_perception) StdoutLine: {'line': b'-- Detecting C compiler ABI info\n'}
[0.199960] (-) TimerEvent: {}
[0.253215] (avs_perception) StdoutLine: {'line': b'-- Detecting C compiler ABI info - done\n'}
[0.258132] (avs_perception) StdoutLine: {'line': b'-- Check for working C compiler: /usr/bin/cc - skipped\n'}
[0.258615] (avs_perception) StdoutLine: {'line': b'-- Detecting C compile features\n'}
[0.259111] (avs_perception) StdoutLine: {'line': b'-- Detecting C compile features - done\n'}
[0.262067] (avs_perception) StdoutLine: {'line': b'-- Detecting CXX compiler ABI info\n'}
[0.300090] (-) TimerEvent: {}
[0.315890] (avs_perception) StdoutLine: {'line': b'-- Detecting CXX compiler ABI info - done\n'}
[0.323438] (avs_perception) StdoutLine: {'line': b'-- Check for working CXX compiler: /usr/bin/c++ - skipped\n'}
[0.323696] (avs_perception) StdoutLine: {'line': b'-- Detecting CXX compile features\n'}
[0.323968] (avs_perception) StdoutLine: {'line': b'-- Detecting CXX compile features - done\n'}
[0.324547] (avs_perception) StdoutLine: {'line': b'-- AVS: Release build \xe2\x80\x94 Generic/x86_64 optimizations ENABLED (-O3)\n'}
[0.335559] (avs_perception) StdoutLine: {'line': b'-- Found ament_cmake: 1.3.14 (/opt/ros/humble/share/ament_cmake/cmake)\n'}
[0.400174] (-) TimerEvent: {}
[0.500430] (-) TimerEvent: {}
[0.600679] (-) TimerEvent: {}
[0.611673] (avs_perception) StdoutLine: {'line': b'-- Found Python3: /usr/bin/python3 (found version "3.10.12") found components: Interpreter \n'}
[0.700795] (-) TimerEvent: {}
[0.705217] (avs_perception) StdoutLine: {'line': b'-- Found rclcpp: 16.0.19 (/opt/ros/humble/share/rclcpp/cmake)\n'}
[0.757461] (avs_perception) StdoutLine: {'line': b'-- Found rosidl_generator_c: 3.1.8 (/opt/ros/humble/share/rosidl_generator_c/cmake)\n'}
[0.762931] (avs_perception) StdoutLine: {'line': b'-- Found rosidl_adapter: 3.1.8 (/opt/ros/humble/share/rosidl_adapter/cmake)\n'}
[0.772552] (avs_perception) StdoutLine: {'line': b'-- Found rosidl_generator_cpp: 3.1.8 (/opt/ros/humble/share/rosidl_generator_cpp/cmake)\n'}
[0.786916] (avs_perception) StdoutLine: {'line': b'-- Using all available rosidl_typesupport_c: rosidl_typesupport_fastrtps_c;rosidl_typesupport_introspection_c\n'}
[0.800917] (-) TimerEvent: {}
[0.802819] (avs_perception) StdoutLine: {'line': b'-- Using all available rosidl_typesupport_cpp: rosidl_typesupport_fastrtps_cpp;rosidl_typesupport_introspection_cpp\n'}
[0.850060] (avs_perception) StdoutLine: {'line': b'-- Found rmw_implementation_cmake: 6.1.2 (/opt/ros/humble/share/rmw_implementation_cmake/cmake)\n'}
[0.854218] (avs_perception) StdoutLine: {'line': b'-- Found rmw_fastrtps_cpp: 6.2.10 (/opt/ros/humble/share/rmw_fastrtps_cpp/cmake)\n'}
[0.901109] (-) TimerEvent: {}
[0.937783] (avs_perception) StdoutLine: {'line': b'-- Found OpenSSL: /usr/lib/x86_64-linux-gnu/libcrypto.so (found version "3.0.2")  \n'}
[0.961350] (avs_perception) StdoutLine: {'line': b'-- Found FastRTPS: /opt/ros/humble/include  \n'}
[0.992194] (avs_perception) StdoutLine: {'line': b"-- Using RMW implementation 'rmw_fastrtps_cpp' as default\n"}
[1.001191] (-) TimerEvent: {}
[1.002104] (avs_perception) StdoutLine: {'line': b'-- Looking for pthread.h\n'}
[1.056496] (avs_perception) StdoutLine: {'line': b'-- Looking for pthread.h - found\n'}
[1.056929] (avs_perception) StdoutLine: {'line': b'-- Performing Test CMAKE_HAVE_LIBC_PTHREAD\n'}
[1.101307] (-) TimerEvent: {}
[1.112411] (avs_perception) StdoutLine: {'line': b'-- Performing Test CMAKE_HAVE_LIBC_PTHREAD - Success\n'}
[1.113652] (avs_perception) StdoutLine: {'line': b'-- Found Threads: TRUE  \n'}
[1.169153] (avs_perception) StdoutLine: {'line': b'-- Found sensor_msgs: 4.9.1 (/opt/ros/humble/share/sensor_msgs/cmake)\n'}
[1.201389] (-) TimerEvent: {}
[1.202659] (avs_perception) StdoutLine: {'line': b'-- Found nav_msgs: 4.9.1 (/opt/ros/humble/share/nav_msgs/cmake)\n'}
[1.218893] (avs_perception) StdoutLine: {'line': b'-- Found cv_bridge: 3.2.1 (/opt/ros/humble/share/cv_bridge/cmake)\n'}
[1.232540] (avs_perception) StdoutLine: {'line': b'-- Found image_transport: 3.1.12 (/opt/ros/humble/share/image_transport/cmake)\n'}
[1.270096] (avs_perception) StdoutLine: {'line': b'-- Found OpenCV: /usr (found version "4.5.4") \n'}
[1.301506] (-) TimerEvent: {}
[1.401763] (-) TimerEvent: {}
[1.447877] (avs_perception) StdoutLine: {'line': b'-- Found OpenMP_C: -fopenmp (found version "4.5") \n'}
[1.501881] (-) TimerEvent: {}
[1.505945] (avs_perception) StdoutLine: {'line': b'-- Found OpenMP_CXX: -fopenmp (found version "4.5") \n'}
[1.506240] (avs_perception) StdoutLine: {'line': b'-- Found OpenMP: TRUE (found version "4.5")  \n'}
[1.507644] (avs_perception) StdoutLine: {'line': b'-- Found ncnn: 20260605\n'}
[1.560781] (avs_perception) StdoutLine: {'line': b'-- Configuring done\n'}
[1.584420] (avs_perception) StdoutLine: {'line': b'-- Generating done\n'}
[1.592482] (avs_perception) StdoutLine: {'line': b'-- Build files have been written to: /home/goln/SimpleSysIDV/build/avs_perception\n'}
[1.601376] (avs_perception) CommandEnded: {'returncode': 0}
[1.602246] (-) TimerEvent: {}
[1.602350] (avs_perception) JobProgress: {'identifier': 'avs_perception', 'progress': 'build'}
[1.602383] (avs_perception) Command: {'cmd': ['/usr/bin/cmake', '--build', '/home/goln/SimpleSysIDV/build/avs_perception', '--', '-j12', '-l12'], 'cwd': '/home/goln/SimpleSysIDV/build/avs_perception', 'env': OrderedDict([('GJS_DEBUG_TOPICS', 'JS ERROR;JS LOG'), ('LESSOPEN', '| /usr/bin/lesspipe %s'), ('VSCODE_CWD', '/home/goln'), ('USER', 'goln'), ('LC_TIME', 'vi_VN'), ('VSCODE_NLS_CONFIG', '{"userLocale":"en-us","osLocale":"en-us","resolvedLanguage":"en","defaultMessagesFile":"/usr/share/antigravity/resources/app/out/nls.messages.json","locale":"en-us","availableLanguages":{}}'), ('XDG_SESSION_TYPE', 'x11'), ('SHLVL', '0'), ('LD_LIBRARY_PATH', '/home/goln/microros_ws/install/micro_ros_agent/lib:/home/goln/microros_ws/install/micro_ros_msgs/lib:/home/goln/JetbotRos2_ws/install/pkg_interfaces/lib:/usr/lib/x86_64-linux-gnu/gazebo-11/plugins:/opt/ros/humble/opt/rviz_ogre_vendor/lib:/opt/ros/humble/lib/x86_64-linux-gnu:/opt/ros/humble/lib'), ('HOME', '/home/goln'), ('CHROME_DESKTOP', 'antigravity.desktop'), ('DESKTOP_SESSION', 'ubuntu-xorg'), ('VSCODE_IPC_HOOK', '/run/user/1000/vscode-fd0059ab-1.10-main.sock'), ('GIO_LAUNCHED_DESKTOP_FILE', '/usr/share/applications/antigravity.desktop'), ('ROS_PYTHON_VERSION', '3'), ('GNOME_SHELL_SESSION_MODE', 'ubuntu'), ('GTK_MODULES', 'gail:atk-bridge'), ('PAGER', 'cat'), ('LC_MONETARY', 'vi_VN'), ('MANAGERPID', '1210'), ('SYSTEMD_EXEC_PID', '1770'), ('DBUS_SESSION_BUS_ADDRESS', 'unix:path=/run/user/1000/bus'), ('ANTIGRAVITY_AGENT', '1'), ('GIO_LAUNCHED_DESKTOP_FILE_PID', '2552'), ('IM_CONFIG_PHASE', '1'), ('COLCON_PREFIX_PATH', '/home/goln/microros_ws/install:/home/goln/JetbotRos2_ws/install'), ('ROS_DISTRO', 'humble'), ('GTK_IM_MODULE', 'fcitx'), ('LOGNAME', 'goln'), ('_', '/usr/bin/colcon'), ('JOURNAL_STREAM', '8:17530'), ('ROS_VERSION', '2'), ('XDG_SESSION_CLASS', 'user'), ('USERNAME', 'goln'), ('TERM', 'dumb'), ('GNOME_DESKTOP_SESSION_ID', 'this-is-deprecated'), ('FC_FONTATIONS', '1'), ('ROS_LOCALHOST_ONLY', '0'), ('WINDOWPATH', '2'), ('ANTIGRAVITY_EDITOR_APP_ROOT', '/usr/share/antigravity/resources/app'), ('PATH', '/home/goln/.local/bin:/opt/ros/humble/bin:/home/goln/.local/bin:/usr/local/sbin:/usr/local/bin:/usr/sbin:/usr/bin:/sbin:/bin:/usr/games:/usr/local/games:/snap/bin:/snap/bin'), ('SESSION_MANAGER', 'local/goln-Nitro-AN515-57:@/tmp/.ICE-unix/1688,unix/goln-Nitro-AN515-57:/tmp/.ICE-unix/1688'), ('INVOCATION_ID', 'eda6d092f97149f5a001ec23590f37b4'), ('XDG_MENU_PREFIX', 'gnome-'), ('LC_ADDRESS', 'vi_VN'), ('XDG_RUNTIME_DIR', '/run/user/1000'), ('GDK_BACKEND', 'x11'), ('DISPLAY', ':0'), ('LANG', 'en_US.UTF-8'), ('XDG_CURRENT_DESKTOP', 'ubuntu:GNOME'), ('LC_TELEPHONE', 'vi_VN'), ('XMODIFIERS', '@im=fcitx'), ('XDG_SESSION_DESKTOP', 'ubuntu-xorg'), ('XAUTHORITY', '/run/user/1000/gdm/Xauthority'), ('LS_COLORS', ''), ('SSH_AGENT_LAUNCHER', 'gnome-keyring'), ('SSH_AUTH_SOCK', '/run/user/1000/keyring/ssh'), ('AMENT_PREFIX_PATH', '/home/goln/microros_ws/install/micro_ros_setup:/home/goln/microros_ws/install/micro_ros_agent:/home/goln/microros_ws/install/micro_ros_msgs:/home/goln/JetbotRos2_ws/install/yolo_demo:/home/goln/JetbotRos2_ws/install/pkg_param:/home/goln/JetbotRos2_ws/install/pkg_action:/home/goln/JetbotRos2_ws/install/pkg_interfaces:/home/goln/JetbotRos2_ws/install/myrobot:/home/goln/JetbotRos2_ws/install/learn_launch:/opt/ros/humble'), ('SHELL', '/bin/bash'), ('LC_NAME', 'vi_VN'), ('QT_ACCESSIBILITY', '1'), ('GDMSESSION', 'ubuntu-xorg'), ('LESSCLOSE', '/usr/bin/lesspipe %s %s'), ('LC_MEASUREMENT', 'vi_VN'), ('GPG_AGENT_INFO', '/run/user/1000/gnupg/S.gpg-agent:0:1'), ('GJS_DEBUG_OUTPUT', 'stderr'), ('LC_IDENTIFICATION', 'vi_VN'), ('QT_IM_MODULE', 'fcitx'), ('ANTIGRAVITY_TRAJECTORY_ID', '82b21ade-9a5d-420a-b27f-f447ab846653'), ('PWD', '/home/goln/SimpleSysIDV/build/avs_perception'), ('XDG_CONFIG_DIRS', '/etc/xdg/xdg-ubuntu-xorg:/etc/xdg'), ('VSCODE_CODE_CACHE_PATH', '/home/goln/.config/Antigravity/CachedData/15487b3041e65228cae24980a3f796c905ef582c'), ('CLUTTER_IM_MODULE', 'fcitx'), ('XDG_DATA_DIRS', '/usr/share/ubuntu-xorg:/usr/share/gnome:/usr/local/share/:/usr/share/:/var/lib/snapd/desktop'), ('PYTHONPATH', '/home/goln/microros_ws/install/micro_ros_msgs/local/lib/python3.10/dist-packages:/home/goln/JetbotRos2_ws/install/yolo_demo/lib/python3.10/site-packages:/home/goln/JetbotRos2_ws/install/pkg_param/lib/python3.10/site-packages:/home/goln/JetbotRos2_ws/install/pkg_action/lib/python3.10/site-packages:/home/goln/JetbotRos2_ws/install/pkg_interfaces/local/lib/python3.10/dist-packages:/home/goln/JetbotRos2_ws/install/learn_launch/lib/python3.10/site-packages:/opt/ros/humble/lib/python3.10/site-packages:/opt/ros/humble/local/lib/python3.10/dist-packages'), ('LC_NUMERIC', 'vi_VN'), ('LC_PAPER', 'vi_VN'), ('COLCON', '1'), ('CMAKE_PREFIX_PATH', '/home/goln/microros_ws/install/micro_ros_setup:/home/goln/microros_ws/install/micro_ros_agent:/home/goln/microros_ws/install/micro_ros_msgs:/home/goln/JetbotRos2_ws/install/pkg_interfaces:/home/goln/JetbotRos2_ws/install/myrobot:/home/goln/JetbotRos2_ws/install/yolo_demo:/home/goln/JetbotRos2_ws/install/pkg_param:/home/goln/JetbotRos2_ws/install/pkg_action:/home/goln/JetbotRos2_ws/install/learn_launch:/opt/ros/humble'), ('VSCODE_PID', '2552')]), 'shell': False}
[1.638311] (avs_perception) StdoutLine: {'line': b'[ 33%] \x1b[32mBuilding CXX object CMakeFiles/yolo26_seg_lib.dir/src/yolo26_seg.cpp.o\x1b[0m\n'}
[1.638470] (avs_perception) StdoutLine: {'line': b'[ 33%] \x1b[32mBuilding CXX object CMakeFiles/ipm_transform_node.dir/src/ipm_transform_node.cpp.o\x1b[0m\n'}
[1.638514] (avs_perception) StdoutLine: {'line': b'[ 33%] \x1b[32mBuilding CXX object CMakeFiles/video_publisher_node.dir/src/video_publisher_node.cpp.o\x1b[0m\n'}
[1.638550] (avs_perception) StdoutLine: {'line': b'[ 33%] \x1b[32mBuilding CXX object CMakeFiles/control_node.dir/src/control_node.cpp.o\x1b[0m\n'}
[1.702414] (-) TimerEvent: {}
[1.802670] (-) TimerEvent: {}
[1.902939] (-) TimerEvent: {}
[2.003287] (-) TimerEvent: {}
[2.103612] (-) TimerEvent: {}
[2.203917] (-) TimerEvent: {}
[2.304202] (-) TimerEvent: {}
[2.404488] (-) TimerEvent: {}
[2.504765] (-) TimerEvent: {}
[2.605060] (-) TimerEvent: {}
[2.705638] (-) TimerEvent: {}
[2.805973] (-) TimerEvent: {}
[2.906329] (-) TimerEvent: {}
[3.006659] (-) TimerEvent: {}
[3.106987] (-) TimerEvent: {}
[3.207401] (-) TimerEvent: {}
[3.307871] (-) TimerEvent: {}
[3.408169] (-) TimerEvent: {}
[3.459064] (avs_perception) StdoutLine: {'line': b'[ 41%] \x1b[32m\x1b[1mLinking CXX static library libyolo26_seg_lib.a\x1b[0m\n'}
[3.508264] (-) TimerEvent: {}
[3.608547] (-) TimerEvent: {}
[3.708818] (-) TimerEvent: {}
[3.809099] (-) TimerEvent: {}
[3.860113] (avs_perception) StdoutLine: {'line': b'[ 41%] Built target yolo26_seg_lib\n'}
[3.877156] (avs_perception) StdoutLine: {'line': b'[ 58%] \x1b[32mBuilding CXX object CMakeFiles/ncnn_inference_node.dir/src/ncnn_inference_node.cpp.o\x1b[0m\n'}
[3.877379] (avs_perception) StdoutLine: {'line': b'[ 58%] \x1b[32mBuilding CXX object CMakeFiles/video_test_node.dir/src/video_test_node.cpp.o\x1b[0m\n'}
[3.909211] (-) TimerEvent: {}
[4.009487] (-) TimerEvent: {}
[4.109833] (-) TimerEvent: {}
[4.210140] (-) TimerEvent: {}
[4.310447] (-) TimerEvent: {}
[4.410860] (-) TimerEvent: {}
[4.511211] (-) TimerEvent: {}
[4.611572] (-) TimerEvent: {}
[4.711935] (-) TimerEvent: {}
[4.812311] (-) TimerEvent: {}
[4.912647] (-) TimerEvent: {}
[5.013021] (-) TimerEvent: {}
[5.113405] (-) TimerEvent: {}
[5.213791] (-) TimerEvent: {}
[5.314158] (-) TimerEvent: {}
[5.414507] (-) TimerEvent: {}
[5.514870] (-) TimerEvent: {}
[5.615283] (-) TimerEvent: {}
[5.715627] (-) TimerEvent: {}
[5.815971] (-) TimerEvent: {}
[5.916312] (-) TimerEvent: {}
[6.016607] (-) TimerEvent: {}
[6.116979] (-) TimerEvent: {}
[6.217352] (-) TimerEvent: {}
[6.317716] (-) TimerEvent: {}
[6.418115] (-) TimerEvent: {}
[6.518514] (-) TimerEvent: {}
[6.619014] (-) TimerEvent: {}
[6.719332] (-) TimerEvent: {}
[6.819638] (-) TimerEvent: {}
[6.919943] (-) TimerEvent: {}
[7.020272] (-) TimerEvent: {}
[7.120652] (-) TimerEvent: {}
[7.220985] (-) TimerEvent: {}
[7.321361] (-) TimerEvent: {}
[7.421717] (-) TimerEvent: {}
[7.522068] (-) TimerEvent: {}
[7.622495] (-) TimerEvent: {}
[7.722853] (-) TimerEvent: {}
[7.823161] (-) TimerEvent: {}
[7.923533] (-) TimerEvent: {}
[8.023833] (-) TimerEvent: {}
[8.124225] (-) TimerEvent: {}
[8.224567] (-) TimerEvent: {}
[8.324877] (-) TimerEvent: {}
[8.425174] (-) TimerEvent: {}
[8.511520] (avs_perception) StdoutLine: {'line': b'[ 66%] \x1b[32m\x1b[1mLinking CXX executable video_test_node\x1b[0m\n'}
[8.525310] (-) TimerEvent: {}
[8.561332] (avs_perception) StdoutLine: {'line': b'[ 75%] \x1b[32m\x1b[1mLinking CXX executable video_publisher_node\x1b[0m\n'}
[8.625445] (-) TimerEvent: {}
[8.725847] (-) TimerEvent: {}
[8.826259] (-) TimerEvent: {}
[8.926553] (-) TimerEvent: {}
[9.026866] (-) TimerEvent: {}
[9.129185] (-) TimerEvent: {}
[9.231475] (-) TimerEvent: {}
[9.321084] (avs_perception) StdoutLine: {'line': b'[ 75%] Built target video_publisher_node\n'}
[9.331572] (-) TimerEvent: {}
[9.341937] (avs_perception) StdoutLine: {'line': b'[ 75%] Built target video_test_node\n'}
[9.431697] (-) TimerEvent: {}
[9.531983] (-) TimerEvent: {}
[9.632245] (-) TimerEvent: {}
[9.732514] (-) TimerEvent: {}
[9.832800] (-) TimerEvent: {}
[9.933168] (-) TimerEvent: {}
[10.033454] (-) TimerEvent: {}
[10.133730] (-) TimerEvent: {}
[10.233997] (-) TimerEvent: {}
[10.334321] (-) TimerEvent: {}
[10.434596] (-) TimerEvent: {}
[10.534930] (-) TimerEvent: {}
[10.635249] (-) TimerEvent: {}
[10.735529] (-) TimerEvent: {}
[10.835891] (-) TimerEvent: {}
[10.936196] (-) TimerEvent: {}
[11.036485] (-) TimerEvent: {}
[11.136833] (-) TimerEvent: {}
[11.237158] (-) TimerEvent: {}
[11.337473] (-) TimerEvent: {}
[11.437790] (-) TimerEvent: {}
[11.538134] (-) TimerEvent: {}
[11.638547] (-) TimerEvent: {}
[11.738900] (-) TimerEvent: {}
[11.839280] (-) TimerEvent: {}
[11.939607] (-) TimerEvent: {}
[12.039903] (-) TimerEvent: {}
[12.140290] (-) TimerEvent: {}
[12.240609] (-) TimerEvent: {}
[12.340930] (-) TimerEvent: {}
[12.441293] (-) TimerEvent: {}
[12.541657] (-) TimerEvent: {}
[12.642066] (-) TimerEvent: {}
[12.742368] (-) TimerEvent: {}
[12.842691] (-) TimerEvent: {}
[12.942987] (-) TimerEvent: {}
[13.043300] (-) TimerEvent: {}
[13.143599] (-) TimerEvent: {}
[13.243929] (-) TimerEvent: {}
[13.344231] (-) TimerEvent: {}
[13.444563] (-) TimerEvent: {}
[13.544834] (-) TimerEvent: {}
[13.645127] (-) TimerEvent: {}
[13.745393] (-) TimerEvent: {}
[13.845653] (-) TimerEvent: {}
[13.945950] (-) TimerEvent: {}
[14.046217] (-) TimerEvent: {}
[14.146487] (-) TimerEvent: {}
[14.246845] (-) TimerEvent: {}
[14.347143] (-) TimerEvent: {}
[14.447423] (-) TimerEvent: {}
[14.547743] (-) TimerEvent: {}
[14.648018] (-) TimerEvent: {}
[14.748378] (-) TimerEvent: {}
[14.848681] (-) TimerEvent: {}
[14.949029] (-) TimerEvent: {}
[15.049344] (-) TimerEvent: {}
[15.149749] (-) TimerEvent: {}
[15.250262] (-) TimerEvent: {}
[15.350524] (-) TimerEvent: {}
[15.450787] (-) TimerEvent: {}
[15.551143] (-) TimerEvent: {}
[15.601903] (avs_perception) StdoutLine: {'line': b'[ 83%] \x1b[32m\x1b[1mLinking CXX executable ncnn_inference_node\x1b[0m\n'}
[15.651250] (-) TimerEvent: {}
[15.751546] (-) TimerEvent: {}
[15.851827] (-) TimerEvent: {}
[15.952145] (-) TimerEvent: {}
[15.955591] (avs_perception) StdoutLine: {'line': b'[ 83%] Built target ncnn_inference_node\n'}
[16.052246] (-) TimerEvent: {}
[16.152527] (-) TimerEvent: {}
[16.252801] (-) TimerEvent: {}
[16.353137] (-) TimerEvent: {}
[16.453393] (-) TimerEvent: {}
[16.553668] (-) TimerEvent: {}
[16.653943] (-) TimerEvent: {}
[16.754232] (-) TimerEvent: {}
[16.854557] (-) TimerEvent: {}
[16.954813] (-) TimerEvent: {}
[17.055096] (-) TimerEvent: {}
[17.155374] (-) TimerEvent: {}
[17.255664] (-) TimerEvent: {}
[17.355944] (-) TimerEvent: {}
[17.415824] (avs_perception) StdoutLine: {'line': b'[ 91%] \x1b[32m\x1b[1mLinking CXX executable control_node\x1b[0m\n'}
[17.456064] (-) TimerEvent: {}
[17.537367] (avs_perception) StdoutLine: {'line': b'[ 91%] Built target control_node\n'}
[17.556176] (-) TimerEvent: {}
[17.656546] (-) TimerEvent: {}
[17.756873] (-) TimerEvent: {}
[17.857194] (-) TimerEvent: {}
[17.957461] (-) TimerEvent: {}
[18.057726] (-) TimerEvent: {}
[18.158039] (-) TimerEvent: {}
[18.258302] (-) TimerEvent: {}
[18.358565] (-) TimerEvent: {}
[18.458888] (-) TimerEvent: {}
[18.559148] (-) TimerEvent: {}
[18.659392] (-) TimerEvent: {}
[18.759746] (-) TimerEvent: {}
[18.859994] (-) TimerEvent: {}
[18.960258] (-) TimerEvent: {}
[19.060523] (-) TimerEvent: {}
[19.160866] (-) TimerEvent: {}
[19.261145] (-) TimerEvent: {}
[19.361409] (-) TimerEvent: {}
[19.461675] (-) TimerEvent: {}
[19.561946] (-) TimerEvent: {}
[19.662207] (-) TimerEvent: {}
[19.762508] (-) TimerEvent: {}
[19.862879] (-) TimerEvent: {}
[19.963150] (-) TimerEvent: {}
[20.063409] (-) TimerEvent: {}
[20.163688] (-) TimerEvent: {}
[20.263962] (-) TimerEvent: {}
[20.364258] (-) TimerEvent: {}
[20.464575] (-) TimerEvent: {}
[20.564858] (-) TimerEvent: {}
[20.639515] (avs_perception) StdoutLine: {'line': b'[100%] \x1b[32m\x1b[1mLinking CXX executable ipm_transform_node\x1b[0m\n'}
[20.664970] (-) TimerEvent: {}
[20.765294] (-) TimerEvent: {}
[20.803434] (avs_perception) StdoutLine: {'line': b'[100%] Built target ipm_transform_node\n'}
[20.811253] (avs_perception) CommandEnded: {'returncode': 0}
[20.811730] (avs_perception) JobProgress: {'identifier': 'avs_perception', 'progress': 'install'}
[20.818537] (avs_perception) Command: {'cmd': ['/usr/bin/cmake', '--install', '/home/goln/SimpleSysIDV/build/avs_perception'], 'cwd': '/home/goln/SimpleSysIDV/build/avs_perception', 'env': OrderedDict([('GJS_DEBUG_TOPICS', 'JS ERROR;JS LOG'), ('LESSOPEN', '| /usr/bin/lesspipe %s'), ('VSCODE_CWD', '/home/goln'), ('USER', 'goln'), ('LC_TIME', 'vi_VN'), ('VSCODE_NLS_CONFIG', '{"userLocale":"en-us","osLocale":"en-us","resolvedLanguage":"en","defaultMessagesFile":"/usr/share/antigravity/resources/app/out/nls.messages.json","locale":"en-us","availableLanguages":{}}'), ('XDG_SESSION_TYPE', 'x11'), ('SHLVL', '0'), ('LD_LIBRARY_PATH', '/home/goln/microros_ws/install/micro_ros_agent/lib:/home/goln/microros_ws/install/micro_ros_msgs/lib:/home/goln/JetbotRos2_ws/install/pkg_interfaces/lib:/usr/lib/x86_64-linux-gnu/gazebo-11/plugins:/opt/ros/humble/opt/rviz_ogre_vendor/lib:/opt/ros/humble/lib/x86_64-linux-gnu:/opt/ros/humble/lib'), ('HOME', '/home/goln'), ('CHROME_DESKTOP', 'antigravity.desktop'), ('DESKTOP_SESSION', 'ubuntu-xorg'), ('VSCODE_IPC_HOOK', '/run/user/1000/vscode-fd0059ab-1.10-main.sock'), ('GIO_LAUNCHED_DESKTOP_FILE', '/usr/share/applications/antigravity.desktop'), ('ROS_PYTHON_VERSION', '3'), ('GNOME_SHELL_SESSION_MODE', 'ubuntu'), ('GTK_MODULES', 'gail:atk-bridge'), ('PAGER', 'cat'), ('LC_MONETARY', 'vi_VN'), ('MANAGERPID', '1210'), ('SYSTEMD_EXEC_PID', '1770'), ('DBUS_SESSION_BUS_ADDRESS', 'unix:path=/run/user/1000/bus'), ('ANTIGRAVITY_AGENT', '1'), ('GIO_LAUNCHED_DESKTOP_FILE_PID', '2552'), ('IM_CONFIG_PHASE', '1'), ('COLCON_PREFIX_PATH', '/home/goln/microros_ws/install:/home/goln/JetbotRos2_ws/install'), ('ROS_DISTRO', 'humble'), ('GTK_IM_MODULE', 'fcitx'), ('LOGNAME', 'goln'), ('_', '/usr/bin/colcon'), ('JOURNAL_STREAM', '8:17530'), ('ROS_VERSION', '2'), ('XDG_SESSION_CLASS', 'user'), ('USERNAME', 'goln'), ('TERM', 'dumb'), ('GNOME_DESKTOP_SESSION_ID', 'this-is-deprecated'), ('FC_FONTATIONS', '1'), ('ROS_LOCALHOST_ONLY', '0'), ('WINDOWPATH', '2'), ('ANTIGRAVITY_EDITOR_APP_ROOT', '/usr/share/antigravity/resources/app'), ('PATH', '/home/goln/.local/bin:/opt/ros/humble/bin:/home/goln/.local/bin:/usr/local/sbin:/usr/local/bin:/usr/sbin:/usr/bin:/sbin:/bin:/usr/games:/usr/local/games:/snap/bin:/snap/bin'), ('SESSION_MANAGER', 'local/goln-Nitro-AN515-57:@/tmp/.ICE-unix/1688,unix/goln-Nitro-AN515-57:/tmp/.ICE-unix/1688'), ('INVOCATION_ID', 'eda6d092f97149f5a001ec23590f37b4'), ('XDG_MENU_PREFIX', 'gnome-'), ('LC_ADDRESS', 'vi_VN'), ('XDG_RUNTIME_DIR', '/run/user/1000'), ('GDK_BACKEND', 'x11'), ('DISPLAY', ':0'), ('LANG', 'en_US.UTF-8'), ('XDG_CURRENT_DESKTOP', 'ubuntu:GNOME'), ('LC_TELEPHONE', 'vi_VN'), ('XMODIFIERS', '@im=fcitx'), ('XDG_SESSION_DESKTOP', 'ubuntu-xorg'), ('XAUTHORITY', '/run/user/1000/gdm/Xauthority'), ('LS_COLORS', ''), ('SSH_AGENT_LAUNCHER', 'gnome-keyring'), ('SSH_AUTH_SOCK', '/run/user/1000/keyring/ssh'), ('AMENT_PREFIX_PATH', '/home/goln/microros_ws/install/micro_ros_setup:/home/goln/microros_ws/install/micro_ros_agent:/home/goln/microros_ws/install/micro_ros_msgs:/home/goln/JetbotRos2_ws/install/yolo_demo:/home/goln/JetbotRos2_ws/install/pkg_param:/home/goln/JetbotRos2_ws/install/pkg_action:/home/goln/JetbotRos2_ws/install/pkg_interfaces:/home/goln/JetbotRos2_ws/install/myrobot:/home/goln/JetbotRos2_ws/install/learn_launch:/opt/ros/humble'), ('SHELL', '/bin/bash'), ('LC_NAME', 'vi_VN'), ('QT_ACCESSIBILITY', '1'), ('GDMSESSION', 'ubuntu-xorg'), ('LESSCLOSE', '/usr/bin/lesspipe %s %s'), ('LC_MEASUREMENT', 'vi_VN'), ('GPG_AGENT_INFO', '/run/user/1000/gnupg/S.gpg-agent:0:1'), ('GJS_DEBUG_OUTPUT', 'stderr'), ('LC_IDENTIFICATION', 'vi_VN'), ('QT_IM_MODULE', 'fcitx'), ('ANTIGRAVITY_TRAJECTORY_ID', '82b21ade-9a5d-420a-b27f-f447ab846653'), ('PWD', '/home/goln/SimpleSysIDV/build/avs_perception'), ('XDG_CONFIG_DIRS', '/etc/xdg/xdg-ubuntu-xorg:/etc/xdg'), ('VSCODE_CODE_CACHE_PATH', '/home/goln/.config/Antigravity/CachedData/15487b3041e65228cae24980a3f796c905ef582c'), ('CLUTTER_IM_MODULE', 'fcitx'), ('XDG_DATA_DIRS', '/usr/share/ubuntu-xorg:/usr/share/gnome:/usr/local/share/:/usr/share/:/var/lib/snapd/desktop'), ('PYTHONPATH', '/home/goln/microros_ws/install/micro_ros_msgs/local/lib/python3.10/dist-packages:/home/goln/JetbotRos2_ws/install/yolo_demo/lib/python3.10/site-packages:/home/goln/JetbotRos2_ws/install/pkg_param/lib/python3.10/site-packages:/home/goln/JetbotRos2_ws/install/pkg_action/lib/python3.10/site-packages:/home/goln/JetbotRos2_ws/install/pkg_interfaces/local/lib/python3.10/dist-packages:/home/goln/JetbotRos2_ws/install/learn_launch/lib/python3.10/site-packages:/opt/ros/humble/lib/python3.10/site-packages:/opt/ros/humble/local/lib/python3.10/dist-packages'), ('LC_NUMERIC', 'vi_VN'), ('LC_PAPER', 'vi_VN'), ('COLCON', '1'), ('CMAKE_PREFIX_PATH', '/home/goln/microros_ws/install/micro_ros_setup:/home/goln/microros_ws/install/micro_ros_agent:/home/goln/microros_ws/install/micro_ros_msgs:/home/goln/JetbotRos2_ws/install/pkg_interfaces:/home/goln/JetbotRos2_ws/install/myrobot:/home/goln/JetbotRos2_ws/install/yolo_demo:/home/goln/JetbotRos2_ws/install/pkg_param:/home/goln/JetbotRos2_ws/install/pkg_action:/home/goln/JetbotRos2_ws/install/learn_launch:/opt/ros/humble'), ('VSCODE_PID', '2552')]), 'shell': False}
[20.824098] (avs_perception) StdoutLine: {'line': b'-- Install configuration: "Release"\n'}
[20.824316] (avs_perception) StdoutLine: {'line': b'-- Installing: /home/goln/SimpleSysIDV/install/avs_perception/lib/avs_perception/libyolo26_seg_lib.a\n'}
[20.824428] (avs_perception) StdoutLine: {'line': b'-- Installing: /home/goln/SimpleSysIDV/install/avs_perception/lib/avs_perception/ncnn_inference_node\n'}
[20.825068] (avs_perception) StdoutLine: {'line': b'-- Set runtime path of "/home/goln/SimpleSysIDV/install/avs_perception/lib/avs_perception/ncnn_inference_node" to ""\n'}
[20.825152] (avs_perception) StdoutLine: {'line': b'-- Installing: /home/goln/SimpleSysIDV/install/avs_perception/lib/avs_perception/video_test_node\n'}
[20.825371] (avs_perception) StdoutLine: {'line': b'-- Set runtime path of "/home/goln/SimpleSysIDV/install/avs_perception/lib/avs_perception/video_test_node" to ""\n'}
[20.825446] (avs_perception) StdoutLine: {'line': b'-- Installing: /home/goln/SimpleSysIDV/install/avs_perception/lib/avs_perception/video_publisher_node\n'}
[20.825715] (avs_perception) StdoutLine: {'line': b'-- Set runtime path of "/home/goln/SimpleSysIDV/install/avs_perception/lib/avs_perception/video_publisher_node" to ""\n'}
[20.825779] (avs_perception) StdoutLine: {'line': b'-- Installing: /home/goln/SimpleSysIDV/install/avs_perception/lib/avs_perception/ipm_transform_node\n'}
[20.826676] (avs_perception) StdoutLine: {'line': b'-- Set runtime path of "/home/goln/SimpleSysIDV/install/avs_perception/lib/avs_perception/ipm_transform_node" to ""\n'}
[20.826744] (avs_perception) StdoutLine: {'line': b'-- Installing: /home/goln/SimpleSysIDV/install/avs_perception/lib/avs_perception/control_node\n'}
[20.827338] (avs_perception) StdoutLine: {'line': b'-- Set runtime path of "/home/goln/SimpleSysIDV/install/avs_perception/lib/avs_perception/control_node" to ""\n'}
[20.827421] (avs_perception) StdoutLine: {'line': b'-- Installing: /home/goln/SimpleSysIDV/install/avs_perception/share/avs_perception/launch\n'}
[20.827461] (avs_perception) StdoutLine: {'line': b'-- Installing: /home/goln/SimpleSysIDV/install/avs_perception/share/avs_perception/launch/perception.launch.py\n'}
[20.827512] (avs_perception) StdoutLine: {'line': b'-- Installing: /home/goln/SimpleSysIDV/install/avs_perception/share/ament_index/resource_index/package_run_dependencies/avs_perception\n'}
[20.827560] (avs_perception) StdoutLine: {'line': b'-- Installing: /home/goln/SimpleSysIDV/install/avs_perception/share/ament_index/resource_index/parent_prefix_path/avs_perception\n'}
[20.827640] (avs_perception) StdoutLine: {'line': b'-- Installing: /home/goln/SimpleSysIDV/install/avs_perception/share/avs_perception/environment/ament_prefix_path.sh\n'}
[20.827700] (avs_perception) StdoutLine: {'line': b'-- Installing: /home/goln/SimpleSysIDV/install/avs_perception/share/avs_perception/environment/ament_prefix_path.dsv\n'}
[20.827761] (avs_perception) StdoutLine: {'line': b'-- Installing: /home/goln/SimpleSysIDV/install/avs_perception/share/avs_perception/environment/path.sh\n'}
[20.827825] (avs_perception) StdoutLine: {'line': b'-- Installing: /home/goln/SimpleSysIDV/install/avs_perception/share/avs_perception/environment/path.dsv\n'}
[20.827883] (avs_perception) StdoutLine: {'line': b'-- Installing: /home/goln/SimpleSysIDV/install/avs_perception/share/avs_perception/local_setup.bash\n'}
[20.827943] (avs_perception) StdoutLine: {'line': b'-- Installing: /home/goln/SimpleSysIDV/install/avs_perception/share/avs_perception/local_setup.sh\n'}
[20.828006] (avs_perception) StdoutLine: {'line': b'-- Installing: /home/goln/SimpleSysIDV/install/avs_perception/share/avs_perception/local_setup.zsh\n'}
[20.828064] (avs_perception) StdoutLine: {'line': b'-- Installing: /home/goln/SimpleSysIDV/install/avs_perception/share/avs_perception/local_setup.dsv\n'}
[20.828128] (avs_perception) StdoutLine: {'line': b'-- Installing: /home/goln/SimpleSysIDV/install/avs_perception/share/avs_perception/package.dsv\n'}
[20.828207] (avs_perception) StdoutLine: {'line': b'-- Installing: /home/goln/SimpleSysIDV/install/avs_perception/share/ament_index/resource_index/packages/avs_perception\n'}
[20.828279] (avs_perception) StdoutLine: {'line': b'-- Installing: /home/goln/SimpleSysIDV/install/avs_perception/share/avs_perception/cmake/avs_perceptionConfig.cmake\n'}
[20.828326] (avs_perception) StdoutLine: {'line': b'-- Installing: /home/goln/SimpleSysIDV/install/avs_perception/share/avs_perception/cmake/avs_perceptionConfig-version.cmake\n'}
[20.828384] (avs_perception) StdoutLine: {'line': b'-- Installing: /home/goln/SimpleSysIDV/install/avs_perception/share/avs_perception/package.xml\n'}
[20.829693] (avs_perception) CommandEnded: {'returncode': 0}
[20.843624] (avs_perception) JobEnded: {'identifier': 'avs_perception', 'rc': 0}
[20.844036] (-) EventReactorShutdown: {}
